interactions:
- request:
    body: null
    headers:
      Accept:
      - application/json
      Accept-Encoding:
      - gzip, deflate
      CommandName:
      - containerapp compose create
      Connection:
      - keep-alive
      ParameterSetName:
      - --resource-group --environment --compose-file-path
      User-Agent:
      - AZURECLI/2.34.1 azsdk-python-azure-mgmt-resource/20.0.0 Python/3.8.12 (Linux-5.4.0-1073-azure-x86_64-with-glibc2.2.5)
    method: GET
    uri: https://management.azure.com/subscriptions/00000000-0000-0000-0000-000000000000/resourcegroups/cli_test_containerapp_preview000001?api-version=2021-04-01
  response:
    body:
      string: '{"id":"/subscriptions/00000000-0000-0000-0000-000000000000/resourceGroups/cli_test_containerapp_preview000001","name":"cli_test_containerapp_preview000001","type":"Microsoft.Resources/resourceGroups","location":"eastus","tags":{"product":"azurecli","cause":"automation","date":"2022-03-31T18:43:00Z"},"properties":{"provisioningState":"Succeeded"}}'
    headers:
      cache-control:
      - no-cache
      content-length:
      - '348'
      content-type:
      - application/json; charset=utf-8
      date:
      - Thu, 31 Mar 2022 18:43:01 GMT
      expires:
      - '-1'
      pragma:
      - no-cache
      strict-transport-security:
      - max-age=31536000; includeSubDomains
      vary:
      - Accept-Encoding
      x-content-type-options:
      - nosniff
    status:
      code: 200
      message: OK
- request:
    body: null
    headers:
      Accept:
      - application/json
      Accept-Encoding:
      - gzip, deflate
      CommandName:
      - containerapp compose create
      Connection:
      - keep-alive
      ParameterSetName:
      - --resource-group --environment --compose-file-path
      User-Agent:
      - AZURECLI/2.34.1 azsdk-python-azure-mgmt-resource/20.0.0 Python/3.8.12 (Linux-5.4.0-1073-azure-x86_64-with-glibc2.2.5)
    method: GET
    uri: https://management.azure.com/subscriptions/00000000-0000-0000-0000-000000000000/resourcegroups/cli_test_containerapp_preview000001?api-version=2021-04-01
  response:
    body:
      string: '{"id":"/subscriptions/00000000-0000-0000-0000-000000000000/resourceGroups/cli_test_containerapp_preview000001","name":"cli_test_containerapp_preview000001","type":"Microsoft.Resources/resourceGroups","location":"eastus","tags":{"product":"azurecli","cause":"automation","date":"2022-03-31T18:43:00Z"},"properties":{"provisioningState":"Succeeded"}}'
    headers:
      cache-control:
      - no-cache
      content-length:
      - '348'
      content-type:
      - application/json; charset=utf-8
      date:
      - Thu, 31 Mar 2022 18:43:01 GMT
      expires:
      - '-1'
      pragma:
      - no-cache
      strict-transport-security:
      - max-age=31536000; includeSubDomains
      vary:
      - Accept-Encoding
      x-content-type-options:
      - nosniff
    status:
      code: 200
      message: OK
- request:
    body: null
    headers:
      Accept:
      - application/json
      Accept-Encoding:
      - gzip, deflate
      CommandName:
      - containerapp compose create
      Connection:
      - keep-alive
      ParameterSetName:
      - --resource-group --environment --compose-file-path
      User-Agent:
      - AZURECLI/2.34.1 azsdk-python-azure-mgmt-resource/20.0.0 Python/3.8.12 (Linux-5.4.0-1073-azure-x86_64-with-glibc2.2.5)
    method: GET
    uri: https://management.azure.com/subscriptions/00000000-0000-0000-0000-000000000000/providers/Microsoft.App?api-version=2021-04-01
  response:
    body:
      string: '{"id":"/subscriptions/00000000-0000-0000-0000-000000000000/providers/Microsoft.App","namespace":"Microsoft.App","authorizations":[{"applicationId":"7e3bc4fd-85a3-4192-b177-5b8bfc87f42c","roleDefinitionId":"39a74f72-b40f-4bdc-b639-562fe2260bf0"},{"applicationId":"3734c1a4-2bed-4998-a37a-ff1a9e7bf019","roleDefinitionId":"5c779a4f-5cb2-4547-8c41-478d9be8ba90"}],"resourceTypes":[{"resourceType":"managedEnvironments","locations":["North
        Central US (Stage)","Canada Central","West Europe","North Europe","East US","East
        US 2"],"apiVersions":["2022-01-01-preview"],"capabilities":"CrossResourceGroupResourceMove,
        CrossSubscriptionResourceMove, SupportsTags, SupportsLocation"},{"resourceType":"managedEnvironments/certificates","locations":["North
        Central US (Stage)","Canada Central","West Europe","North Europe","East US","East
        US 2"],"apiVersions":["2022-01-01-preview"],"capabilities":"CrossResourceGroupResourceMove,
        CrossSubscriptionResourceMove, SupportsTags, SupportsLocation"},{"resourceType":"containerApps","locations":["North
        Central US (Stage)","Canada Central","West Europe","North Europe","East US","East
        US 2"],"apiVersions":["2022-01-01-preview"],"capabilities":"CrossResourceGroupResourceMove,
        CrossSubscriptionResourceMove, SystemAssignedResourceIdentity, SupportsTags,
        SupportsLocation"},{"resourceType":"locations","locations":[],"apiVersions":["2022-01-01-preview"],"capabilities":"None"},{"resourceType":"locations/managedEnvironmentOperationResults","locations":["North
        Central US (Stage)","Canada Central","West Europe","North Europe","East US","East
        US 2"],"apiVersions":["2022-01-01-preview"],"capabilities":"None"},{"resourceType":"locations/managedEnvironmentOperationStatuses","locations":["North
        Central US (Stage)","Canada Central","West Europe","North Europe","East US","East
        US 2"],"apiVersions":["2022-01-01-preview"],"capabilities":"None"},{"resourceType":"locations/containerappOperationResults","locations":["North
        Central US (Stage)","Canada Central","West Europe","North Europe","East US","East
        US 2"],"apiVersions":["2022-01-01-preview"],"capabilities":"None"},{"resourceType":"locations/containerappOperationStatuses","locations":["North
        Central US (Stage)","Canada Central","West Europe","North Europe","East US","East
        US 2"],"apiVersions":["2022-01-01-preview"],"capabilities":"None"},{"resourceType":"operations","locations":["North
        Central US (Stage)","Central US EUAP","Canada Central","West Europe","North
        Europe","East US","East US 2"],"apiVersions":["2022-01-01-preview"],"capabilities":"None"}],"registrationState":"Registered","registrationPolicy":"RegistrationRequired"}'
    headers:
      cache-control:
      - no-cache
      content-length:
      - '2620'
      content-type:
      - application/json; charset=utf-8
      date:
      - Thu, 31 Mar 2022 18:43:02 GMT
      expires:
      - '-1'
      pragma:
      - no-cache
      strict-transport-security:
      - max-age=31536000; includeSubDomains
      vary:
      - Accept-Encoding
      x-content-type-options:
      - nosniff
    status:
      code: 200
      message: OK
- request:
    body: null
    headers:
      Accept:
      - application/json
      Accept-Encoding:
      - gzip, deflate
      CommandName:
      - containerapp compose create
      Connection:
      - keep-alive
      ParameterSetName:
      - --resource-group --environment --compose-file-path
      User-Agent:
      - AZURECLI/2.34.1 azsdk-python-azure-mgmt-resource/20.0.0 Python/3.8.12 (Linux-5.4.0-1073-azure-x86_64-with-glibc2.2.5)
    method: GET
    uri: https://management.azure.com/subscriptions/00000000-0000-0000-0000-000000000000/providers/Microsoft.App?api-version=2021-04-01
  response:
    body:
      string: '{"id":"/subscriptions/00000000-0000-0000-0000-000000000000/providers/Microsoft.App","namespace":"Microsoft.App","authorizations":[{"applicationId":"7e3bc4fd-85a3-4192-b177-5b8bfc87f42c","roleDefinitionId":"39a74f72-b40f-4bdc-b639-562fe2260bf0"},{"applicationId":"3734c1a4-2bed-4998-a37a-ff1a9e7bf019","roleDefinitionId":"5c779a4f-5cb2-4547-8c41-478d9be8ba90"}],"resourceTypes":[{"resourceType":"managedEnvironments","locations":["North
        Central US (Stage)","Canada Central","West Europe","North Europe","East US","East
        US 2"],"apiVersions":["2022-01-01-preview"],"capabilities":"CrossResourceGroupResourceMove,
        CrossSubscriptionResourceMove, SupportsTags, SupportsLocation"},{"resourceType":"managedEnvironments/certificates","locations":["North
        Central US (Stage)","Canada Central","West Europe","North Europe","East US","East
        US 2"],"apiVersions":["2022-01-01-preview"],"capabilities":"CrossResourceGroupResourceMove,
        CrossSubscriptionResourceMove, SupportsTags, SupportsLocation"},{"resourceType":"containerApps","locations":["North
        Central US (Stage)","Canada Central","West Europe","North Europe","East US","East
        US 2"],"apiVersions":["2022-01-01-preview"],"capabilities":"CrossResourceGroupResourceMove,
        CrossSubscriptionResourceMove, SystemAssignedResourceIdentity, SupportsTags,
        SupportsLocation"},{"resourceType":"locations","locations":[],"apiVersions":["2022-01-01-preview"],"capabilities":"None"},{"resourceType":"locations/managedEnvironmentOperationResults","locations":["North
        Central US (Stage)","Canada Central","West Europe","North Europe","East US","East
        US 2"],"apiVersions":["2022-01-01-preview"],"capabilities":"None"},{"resourceType":"locations/managedEnvironmentOperationStatuses","locations":["North
        Central US (Stage)","Canada Central","West Europe","North Europe","East US","East
        US 2"],"apiVersions":["2022-01-01-preview"],"capabilities":"None"},{"resourceType":"locations/containerappOperationResults","locations":["North
        Central US (Stage)","Canada Central","West Europe","North Europe","East US","East
        US 2"],"apiVersions":["2022-01-01-preview"],"capabilities":"None"},{"resourceType":"locations/containerappOperationStatuses","locations":["North
        Central US (Stage)","Canada Central","West Europe","North Europe","East US","East
        US 2"],"apiVersions":["2022-01-01-preview"],"capabilities":"None"},{"resourceType":"operations","locations":["North
        Central US (Stage)","Central US EUAP","Canada Central","West Europe","North
        Europe","East US","East US 2"],"apiVersions":["2022-01-01-preview"],"capabilities":"None"}],"registrationState":"Registered","registrationPolicy":"RegistrationRequired"}'
    headers:
      cache-control:
      - no-cache
      content-length:
      - '2620'
      content-type:
      - application/json; charset=utf-8
      date:
      - Thu, 31 Mar 2022 18:43:01 GMT
      expires:
      - '-1'
      pragma:
      - no-cache
      strict-transport-security:
      - max-age=31536000; includeSubDomains
      vary:
      - Accept-Encoding
      x-content-type-options:
      - nosniff
    status:
      code: 200
      message: OK
- request:
    body: null
    headers:
      Accept:
      - application/json
      Accept-Encoding:
      - gzip, deflate
      CommandName:
      - containerapp compose create
      Connection:
      - keep-alive
      ParameterSetName:
      - --resource-group --environment --compose-file-path
      User-Agent:
      - AZURECLI/2.34.1 azsdk-python-azure-mgmt-resource/20.0.0 Python/3.8.12 (Linux-5.4.0-1073-azure-x86_64-with-glibc2.2.5)
    method: GET
    uri: https://management.azure.com/subscriptions/00000000-0000-0000-0000-000000000000/providers/Microsoft.OperationalInsights?api-version=2021-04-01
  response:
    body:
      string: '{"id":"/subscriptions/00000000-0000-0000-0000-000000000000/providers/Microsoft.OperationalInsights","namespace":"Microsoft.OperationalInsights","authorizations":[{"applicationId":"d2a0a418-0aac-4541-82b2-b3142c89da77","roleDefinitionId":"86695298-2eb9-48a7-9ec3-2fdb38b6878b"},{"applicationId":"ca7f3f0b-7d91-482c-8e09-c5d840d0eac5","roleDefinitionId":"5d5a2e56-9835-44aa-93db-d2f19e155438"}],"resourceTypes":[{"resourceType":"workspaces","locations":["East
        US","West Europe","Southeast Asia","Australia Southeast","West Central US","Japan
        East","UK South","Central India","Canada Central","West US 2","Australia Central","Australia
        East","France Central","Korea Central","North Europe","Central US","East Asia","East
        US 2","South Central US","North Central US","West US","UK West","South Africa
        North","Brazil South","Switzerland North","Switzerland West","Germany West
        Central","Australia Central 2","UAE Central","UAE North","Japan West","Brazil
        Southeast","Norway East","Norway West","France South","South India","Jio India
        Central","Jio India West","Canada East","West US 3","Sweden Central","Korea
        South"],"apiVersions":["2021-12-01-preview","2021-06-01","2021-03-01-privatepreview","2020-10-01","2020-08-01","2020-03-01-preview","2017-04-26-preview","2017-03-15-preview","2017-03-03-preview","2017-01-01-preview","2015-11-01-preview","2015-03-20"],"capabilities":"CrossResourceGroupResourceMove,
        CrossSubscriptionResourceMove, SupportsTags, SupportsLocation"},{"resourceType":"querypacks","locations":["West
        Central US","East US","South Central US","North Europe","West Europe","Southeast
        Asia","West US 2","UK South","Canada Central","Central India","Japan East","Australia
        East","Korea Central","France Central","Central US","East US 2","East Asia","West
        US","South Africa North","North Central US","Brazil South","Switzerland North","Norway
        East","Australia Southeast","Australia Central 2","Germany West Central","Switzerland
        West","UAE Central","UK West","Brazil Southeast","Japan West","UAE North","Australia
        Central","France South","South India","Jio India Central","Jio India West","Canada
        East","West US 3","Sweden Central","Korea South"],"apiVersions":["2019-09-01-preview","2019-09-01"],"capabilities":"SupportsTags,
        SupportsLocation"},{"resourceType":"locations","locations":[],"apiVersions":["2020-10-01","2020-08-01","2020-03-01-preview","2019-08-01-preview","2017-04-26-preview","2017-03-15-preview","2017-03-03-preview","2017-01-01-preview","2015-11-01-preview","2015-03-20"],"defaultApiVersion":"2020-08-01","capabilities":"None"},{"resourceType":"locations/operationStatuses","locations":["East
        US","West Europe","Southeast Asia","Australia Southeast","West Central US","Japan
        East","UK South","Central India","Canada Central","West US 2","Australia Central","Australia
        East","France Central","Korea Central","North Europe","Central US","East Asia","East
        US 2","South Central US","North Central US","West US","UK West","South Africa
        North","Brazil South","Switzerland North","Switzerland West","Germany West
        Central","Australia Central 2","UAE Central","UAE North","Japan West","Brazil
        Southeast","Norway East","Norway West","France South","South India","Jio India
        Central","Jio India West","Canada East","West US 3","Sweden Central","Korea
        South"],"apiVersions":["2020-10-01","2020-08-01","2020-03-01-preview","2019-08-01-preview","2017-04-26-preview","2017-03-15-preview","2017-03-03-preview","2017-01-01-preview","2015-11-01-preview","2015-03-20"],"defaultApiVersion":"2020-08-01","capabilities":"None"},{"resourceType":"workspaces/scopedPrivateLinkProxies","locations":["East
        US","West Europe","Southeast Asia","Australia Southeast","West Central US","Japan
        East","UK South","Central India","Canada Central","West US 2","Australia Central","Australia
        East","France Central","Korea Central","North Europe","Central US","East Asia","East
        US 2","South Central US","North Central US","West US","UK West","South Africa
        North","Brazil South","Switzerland North","Switzerland West","Germany West
        Central","Australia Central 2","UAE Central","UAE North","Japan West","Brazil
        Southeast","Norway East","Norway West","France South","South India","Jio India
        Central","Jio India West","Canada East","West US 3","Sweden Central","Korea
        South"],"apiVersions":["2020-03-01-preview","2019-08-01-preview","2015-11-01-preview"],"defaultApiVersion":"2020-03-01-preview","capabilities":"None"},{"resourceType":"workspaces/query","locations":[],"apiVersions":["2017-10-01"],"capabilities":"None"},{"resourceType":"workspaces/metadata","locations":[],"apiVersions":["2017-10-01"],"capabilities":"None"},{"resourceType":"workspaces/dataSources","locations":["East
        US","West Europe","Southeast Asia","Australia Southeast","West Central US","Japan
        East","UK South","Central India","Canada Central","West US 2","Australia Central","Australia
        East","France Central","Korea Central","North Europe","Central US","East Asia","East
        US 2","South Central US","North Central US","West US","UK West","South Africa
        North","Brazil South","Switzerland North","Switzerland West","Germany West
        Central","Australia Central 2","UAE Central","UAE North","Japan West","Brazil
        Southeast","Norway East","Norway West","France South","South India","Jio India
        Central","Jio India West","Canada East","West US 3","Sweden Central","Korea
        South"],"apiVersions":["2020-08-01","2020-03-01-preview","2015-11-01-preview"],"defaultApiVersion":"2020-08-01","capabilities":"None"},{"resourceType":"workspaces/linkedStorageAccounts","locations":["East
        US","West Europe","Southeast Asia","Australia Southeast","West Central US","Japan
        East","UK South","Central India","Canada Central","West US 2","Australia Central","Australia
        East","France Central","Korea Central","North Europe","Central US","East Asia","East
        US 2","South Central US","North Central US","West US","UK West","South Africa
        North","Brazil South","Switzerland North","Switzerland West","Germany West
        Central","Australia Central 2","UAE Central","UAE North","Japan West","Brazil
        Southeast","Norway East","Norway West","France South","South India","Jio India
        Central","Jio India West","Canada East","West US 3","Sweden Central","Korea
        South"],"apiVersions":["2020-08-01","2020-03-01-preview","2019-08-01-preview"],"defaultApiVersion":"2020-08-01","capabilities":"None"},{"resourceType":"workspaces/tables","locations":["East
        US","West Europe","Southeast Asia","Australia Southeast","West Central US","Japan
        East","UK South","Central India","Canada Central","West US 2","Australia East","Australia
        Central","France Central","Korea Central","North Europe","Central US","East
        Asia","East US 2","South Central US","North Central US","West US","UK West","South
        Africa North","Brazil South","Switzerland North","Switzerland West","Germany
        West Central","Australia Central 2","UAE Central","UAE North","Japan West","Brazil
        Southeast","Norway East","Norway West","France South","South India","Jio India
        Central","Jio India West","Canada East","West US 3","Sweden Central","Korea
        South"],"apiVersions":["2021-12-01-preview","2020-08-01","2020-03-01-preview","2017-04-26-preview"],"capabilities":"None"},{"resourceType":"workspaces/storageInsightConfigs","locations":["East
        US","West Europe","Southeast Asia","Australia Southeast","West Central US","Japan
        East","UK South","Central India","Canada Central","West US 2","Australia East","Australia
        Central","France Central","Korea Central","North Europe","Central US","East
        Asia","East US 2","South Central US","North Central US","West US","UK West","South
        Africa North","Brazil South","Switzerland North","Switzerland West","Germany
        West Central","Australia Central 2","UAE Central","UAE North","Japan West","Brazil
        Southeast","Norway East","Norway West","France South","South India","Jio India
        Central","Jio India West","Canada East","West US 3","Sweden Central","Korea
        South"],"apiVersions":["2020-08-01","2020-03-01-preview","2017-04-26-preview","2017-03-15-preview","2017-03-03-preview","2017-01-01-preview","2015-11-01-preview","2015-03-20"],"capabilities":"None"},{"resourceType":"storageInsightConfigs","locations":[],"apiVersions":["2020-08-01","2020-03-01-preview","2014-10-10"],"capabilities":"SupportsExtension"},{"resourceType":"workspaces/linkedServices","locations":["East
        US","West Europe","Southeast Asia","Australia Southeast","West Central US","Japan
        East","UK South","Central India","Canada Central","West US 2","Australia Central","Australia
        East","France Central","Korea Central","North Europe","Central US","East Asia","East
        US 2","South Central US","North Central US","West US","UK West","South Africa
        North","Brazil South","Switzerland North","Switzerland West","Germany West
        Central","Australia Central 2","UAE Central","UAE North","Japan West","Brazil
        Southeast","Norway East","Norway West","France South","South India","Jio India
        Central","Jio India West","Canada East","West US 3","Sweden Central","Korea
        South"],"apiVersions":["2020-08-01","2020-03-01-preview","2019-08-01-preview","2015-11-01-preview"],"defaultApiVersion":"2020-08-01","capabilities":"None"},{"resourceType":"linkTargets","locations":["East
        US"],"apiVersions":["2020-03-01-preview","2015-03-20"],"capabilities":"None"},{"resourceType":"deletedWorkspaces","locations":["East
        US","West Europe","Southeast Asia","Australia Southeast","West Central US","Japan
        East","UK South","Central India","Canada Central","West US 2","Australia Central","Australia
        East","France Central","Korea Central","North Europe","Central US","East Asia","East
        US 2","South Central US","North Central US","West US","UK West","South Africa
        North","Brazil South","Switzerland North","Switzerland West","Germany West
        Central","Australia Central 2","UAE Central","UAE North","Japan West","Brazil
        Southeast","Norway East","Norway West","France South","South India","Jio India
        Central","Jio India West","Canada East","West US 3","Sweden Central","Korea
        South"],"apiVersions":["2021-12-01-preview","2020-10-01","2020-08-01","2020-03-01-preview"],"defaultApiVersion":"2020-08-01","capabilities":"None"},{"resourceType":"operations","locations":[],"apiVersions":["2021-12-01-preview","2020-10-01","2020-08-01","2020-03-01-preview","2015-11-01-preview","2014-11-10"],"defaultApiVersion":"2020-08-01","capabilities":"None"},{"resourceType":"clusters","locations":["East
        US","West Europe","Southeast Asia","Australia Southeast","West Central US","Japan
        East","UK South","Central India","Canada Central","West US 2","Australia Central","Australia
        East","France Central","Korea Central","North Europe","Central US","East Asia","East
        US 2","South Central US","North Central US","West US","UK West","South Africa
        North","Switzerland North","Switzerland West","Germany West Central","Australia
        Central 2","UAE Central","Brazil South","UAE North","Japan West","Brazil Southeast","Norway
        East","Norway West","France South","South India","Jio India Central","Jio
        India West","Canada East","West US 3","Sweden Central","Korea South"],"apiVersions":["2021-06-01","2020-10-01","2020-08-01","2020-03-01-preview","2019-08-01-preview"],"defaultApiVersion":"2021-06-01","capabilities":"CrossResourceGroupResourceMove,
        CrossSubscriptionResourceMove, SystemAssignedResourceIdentity, SupportsTags,
        SupportsLocation"},{"resourceType":"workspaces/dataExports","locations":["East
        US","West Europe","Southeast Asia","Australia Southeast","West Central US","Japan
        East","UK South","Central India","Canada Central","West US 2","Australia Central","Australia
        East","France Central","Korea Central","North Europe","Central US","East Asia","East
        US 2","South Central US","North Central US","West US","UK West","South Africa
        North","Brazil South","Switzerland North","Switzerland West","Germany West
        Central","Australia Central 2","UAE Central","UAE North","Japan West","Brazil
        Southeast","Norway East","Norway West","France South","South India","Jio India
        Central","Jio India West","Canada East","West US 3","Sweden Central","Korea
        South"],"apiVersions":["2020-08-01","2020-03-01-preview","2019-08-01-preview"],"defaultApiVersion":"2020-08-01","capabilities":"None"}],"registrationState":"Registered","registrationPolicy":"RegistrationRequired"}'
    headers:
      cache-control:
      - no-cache
      content-length:
      - '12146'
      content-type:
      - application/json; charset=utf-8
      date:
      - Thu, 31 Mar 2022 18:43:01 GMT
      expires:
      - '-1'
      pragma:
      - no-cache
      strict-transport-security:
      - max-age=31536000; includeSubDomains
      vary:
      - Accept-Encoding
      x-content-type-options:
      - nosniff
    status:
      code: 200
      message: OK
- request:
    body: null
    headers:
      Accept:
      - application/json
      Accept-Encoding:
      - gzip, deflate
      CommandName:
      - containerapp compose create
      Connection:
      - keep-alive
      ParameterSetName:
      - --resource-group --environment --compose-file-path
      User-Agent:
      - AZURECLI/2.34.1 azsdk-python-azure-mgmt-resource/20.0.0 Python/3.8.12 (Linux-5.4.0-1073-azure-x86_64-with-glibc2.2.5)
    method: GET
    uri: https://management.azure.com/subscriptions/00000000-0000-0000-0000-000000000000/providers/Microsoft.OperationalInsights?api-version=2021-04-01
  response:
    body:
      string: '{"id":"/subscriptions/00000000-0000-0000-0000-000000000000/providers/Microsoft.OperationalInsights","namespace":"Microsoft.OperationalInsights","authorizations":[{"applicationId":"d2a0a418-0aac-4541-82b2-b3142c89da77","roleDefinitionId":"86695298-2eb9-48a7-9ec3-2fdb38b6878b"},{"applicationId":"ca7f3f0b-7d91-482c-8e09-c5d840d0eac5","roleDefinitionId":"5d5a2e56-9835-44aa-93db-d2f19e155438"}],"resourceTypes":[{"resourceType":"workspaces","locations":["East
        US","West Europe","Southeast Asia","Australia Southeast","West Central US","Japan
        East","UK South","Central India","Canada Central","West US 2","Australia Central","Australia
        East","France Central","Korea Central","North Europe","Central US","East Asia","East
        US 2","South Central US","North Central US","West US","UK West","South Africa
        North","Brazil South","Switzerland North","Switzerland West","Germany West
        Central","Australia Central 2","UAE Central","UAE North","Japan West","Brazil
        Southeast","Norway East","Norway West","France South","South India","Jio India
        Central","Jio India West","Canada East","West US 3","Sweden Central","Korea
        South"],"apiVersions":["2021-12-01-preview","2021-06-01","2021-03-01-privatepreview","2020-10-01","2020-08-01","2020-03-01-preview","2017-04-26-preview","2017-03-15-preview","2017-03-03-preview","2017-01-01-preview","2015-11-01-preview","2015-03-20"],"capabilities":"CrossResourceGroupResourceMove,
        CrossSubscriptionResourceMove, SupportsTags, SupportsLocation"},{"resourceType":"querypacks","locations":["West
        Central US","East US","South Central US","North Europe","West Europe","Southeast
        Asia","West US 2","UK South","Canada Central","Central India","Japan East","Australia
        East","Korea Central","France Central","Central US","East US 2","East Asia","West
        US","South Africa North","North Central US","Brazil South","Switzerland North","Norway
        East","Australia Southeast","Australia Central 2","Germany West Central","Switzerland
        West","UAE Central","UK West","Brazil Southeast","Japan West","UAE North","Australia
        Central","France South","South India","Jio India Central","Jio India West","Canada
        East","West US 3","Sweden Central","Korea South"],"apiVersions":["2019-09-01-preview","2019-09-01"],"capabilities":"SupportsTags,
        SupportsLocation"},{"resourceType":"locations","locations":[],"apiVersions":["2020-10-01","2020-08-01","2020-03-01-preview","2019-08-01-preview","2017-04-26-preview","2017-03-15-preview","2017-03-03-preview","2017-01-01-preview","2015-11-01-preview","2015-03-20"],"defaultApiVersion":"2020-08-01","capabilities":"None"},{"resourceType":"locations/operationStatuses","locations":["East
        US","West Europe","Southeast Asia","Australia Southeast","West Central US","Japan
        East","UK South","Central India","Canada Central","West US 2","Australia Central","Australia
        East","France Central","Korea Central","North Europe","Central US","East Asia","East
        US 2","South Central US","North Central US","West US","UK West","South Africa
        North","Brazil South","Switzerland North","Switzerland West","Germany West
        Central","Australia Central 2","UAE Central","UAE North","Japan West","Brazil
        Southeast","Norway East","Norway West","France South","South India","Jio India
        Central","Jio India West","Canada East","West US 3","Sweden Central","Korea
        South"],"apiVersions":["2020-10-01","2020-08-01","2020-03-01-preview","2019-08-01-preview","2017-04-26-preview","2017-03-15-preview","2017-03-03-preview","2017-01-01-preview","2015-11-01-preview","2015-03-20"],"defaultApiVersion":"2020-08-01","capabilities":"None"},{"resourceType":"workspaces/scopedPrivateLinkProxies","locations":["East
        US","West Europe","Southeast Asia","Australia Southeast","West Central US","Japan
        East","UK South","Central India","Canada Central","West US 2","Australia Central","Australia
        East","France Central","Korea Central","North Europe","Central US","East Asia","East
        US 2","South Central US","North Central US","West US","UK West","South Africa
        North","Brazil South","Switzerland North","Switzerland West","Germany West
        Central","Australia Central 2","UAE Central","UAE North","Japan West","Brazil
        Southeast","Norway East","Norway West","France South","South India","Jio India
        Central","Jio India West","Canada East","West US 3","Sweden Central","Korea
        South"],"apiVersions":["2020-03-01-preview","2019-08-01-preview","2015-11-01-preview"],"defaultApiVersion":"2020-03-01-preview","capabilities":"None"},{"resourceType":"workspaces/query","locations":[],"apiVersions":["2017-10-01"],"capabilities":"None"},{"resourceType":"workspaces/metadata","locations":[],"apiVersions":["2017-10-01"],"capabilities":"None"},{"resourceType":"workspaces/dataSources","locations":["East
        US","West Europe","Southeast Asia","Australia Southeast","West Central US","Japan
        East","UK South","Central India","Canada Central","West US 2","Australia Central","Australia
        East","France Central","Korea Central","North Europe","Central US","East Asia","East
        US 2","South Central US","North Central US","West US","UK West","South Africa
        North","Brazil South","Switzerland North","Switzerland West","Germany West
        Central","Australia Central 2","UAE Central","UAE North","Japan West","Brazil
        Southeast","Norway East","Norway West","France South","South India","Jio India
        Central","Jio India West","Canada East","West US 3","Sweden Central","Korea
        South"],"apiVersions":["2020-08-01","2020-03-01-preview","2015-11-01-preview"],"defaultApiVersion":"2020-08-01","capabilities":"None"},{"resourceType":"workspaces/linkedStorageAccounts","locations":["East
        US","West Europe","Southeast Asia","Australia Southeast","West Central US","Japan
        East","UK South","Central India","Canada Central","West US 2","Australia Central","Australia
        East","France Central","Korea Central","North Europe","Central US","East Asia","East
        US 2","South Central US","North Central US","West US","UK West","South Africa
        North","Brazil South","Switzerland North","Switzerland West","Germany West
        Central","Australia Central 2","UAE Central","UAE North","Japan West","Brazil
        Southeast","Norway East","Norway West","France South","South India","Jio India
        Central","Jio India West","Canada East","West US 3","Sweden Central","Korea
        South"],"apiVersions":["2020-08-01","2020-03-01-preview","2019-08-01-preview"],"defaultApiVersion":"2020-08-01","capabilities":"None"},{"resourceType":"workspaces/tables","locations":["East
        US","West Europe","Southeast Asia","Australia Southeast","West Central US","Japan
        East","UK South","Central India","Canada Central","West US 2","Australia East","Australia
        Central","France Central","Korea Central","North Europe","Central US","East
        Asia","East US 2","South Central US","North Central US","West US","UK West","South
        Africa North","Brazil South","Switzerland North","Switzerland West","Germany
        West Central","Australia Central 2","UAE Central","UAE North","Japan West","Brazil
        Southeast","Norway East","Norway West","France South","South India","Jio India
        Central","Jio India West","Canada East","West US 3","Sweden Central","Korea
        South"],"apiVersions":["2021-12-01-preview","2020-08-01","2020-03-01-preview","2017-04-26-preview"],"capabilities":"None"},{"resourceType":"workspaces/storageInsightConfigs","locations":["East
        US","West Europe","Southeast Asia","Australia Southeast","West Central US","Japan
        East","UK South","Central India","Canada Central","West US 2","Australia East","Australia
        Central","France Central","Korea Central","North Europe","Central US","East
        Asia","East US 2","South Central US","North Central US","West US","UK West","South
        Africa North","Brazil South","Switzerland North","Switzerland West","Germany
        West Central","Australia Central 2","UAE Central","UAE North","Japan West","Brazil
        Southeast","Norway East","Norway West","France South","South India","Jio India
        Central","Jio India West","Canada East","West US 3","Sweden Central","Korea
        South"],"apiVersions":["2020-08-01","2020-03-01-preview","2017-04-26-preview","2017-03-15-preview","2017-03-03-preview","2017-01-01-preview","2015-11-01-preview","2015-03-20"],"capabilities":"None"},{"resourceType":"storageInsightConfigs","locations":[],"apiVersions":["2020-08-01","2020-03-01-preview","2014-10-10"],"capabilities":"SupportsExtension"},{"resourceType":"workspaces/linkedServices","locations":["East
        US","West Europe","Southeast Asia","Australia Southeast","West Central US","Japan
        East","UK South","Central India","Canada Central","West US 2","Australia Central","Australia
        East","France Central","Korea Central","North Europe","Central US","East Asia","East
        US 2","South Central US","North Central US","West US","UK West","South Africa
        North","Brazil South","Switzerland North","Switzerland West","Germany West
        Central","Australia Central 2","UAE Central","UAE North","Japan West","Brazil
        Southeast","Norway East","Norway West","France South","South India","Jio India
        Central","Jio India West","Canada East","West US 3","Sweden Central","Korea
        South"],"apiVersions":["2020-08-01","2020-03-01-preview","2019-08-01-preview","2015-11-01-preview"],"defaultApiVersion":"2020-08-01","capabilities":"None"},{"resourceType":"linkTargets","locations":["East
        US"],"apiVersions":["2020-03-01-preview","2015-03-20"],"capabilities":"None"},{"resourceType":"deletedWorkspaces","locations":["East
        US","West Europe","Southeast Asia","Australia Southeast","West Central US","Japan
        East","UK South","Central India","Canada Central","West US 2","Australia Central","Australia
        East","France Central","Korea Central","North Europe","Central US","East Asia","East
        US 2","South Central US","North Central US","West US","UK West","South Africa
        North","Brazil South","Switzerland North","Switzerland West","Germany West
        Central","Australia Central 2","UAE Central","UAE North","Japan West","Brazil
        Southeast","Norway East","Norway West","France South","South India","Jio India
        Central","Jio India West","Canada East","West US 3","Sweden Central","Korea
        South"],"apiVersions":["2021-12-01-preview","2020-10-01","2020-08-01","2020-03-01-preview"],"defaultApiVersion":"2020-08-01","capabilities":"None"},{"resourceType":"operations","locations":[],"apiVersions":["2021-12-01-preview","2020-10-01","2020-08-01","2020-03-01-preview","2015-11-01-preview","2014-11-10"],"defaultApiVersion":"2020-08-01","capabilities":"None"},{"resourceType":"clusters","locations":["East
        US","West Europe","Southeast Asia","Australia Southeast","West Central US","Japan
        East","UK South","Central India","Canada Central","West US 2","Australia Central","Australia
        East","France Central","Korea Central","North Europe","Central US","East Asia","East
        US 2","South Central US","North Central US","West US","UK West","South Africa
        North","Switzerland North","Switzerland West","Germany West Central","Australia
        Central 2","UAE Central","Brazil South","UAE North","Japan West","Brazil Southeast","Norway
        East","Norway West","France South","South India","Jio India Central","Jio
        India West","Canada East","West US 3","Sweden Central","Korea South"],"apiVersions":["2021-06-01","2020-10-01","2020-08-01","2020-03-01-preview","2019-08-01-preview"],"defaultApiVersion":"2021-06-01","capabilities":"CrossResourceGroupResourceMove,
        CrossSubscriptionResourceMove, SystemAssignedResourceIdentity, SupportsTags,
        SupportsLocation"},{"resourceType":"workspaces/dataExports","locations":["East
        US","West Europe","Southeast Asia","Australia Southeast","West Central US","Japan
        East","UK South","Central India","Canada Central","West US 2","Australia Central","Australia
        East","France Central","Korea Central","North Europe","Central US","East Asia","East
        US 2","South Central US","North Central US","West US","UK West","South Africa
        North","Brazil South","Switzerland North","Switzerland West","Germany West
        Central","Australia Central 2","UAE Central","UAE North","Japan West","Brazil
        Southeast","Norway East","Norway West","France South","South India","Jio India
        Central","Jio India West","Canada East","West US 3","Sweden Central","Korea
        South"],"apiVersions":["2020-08-01","2020-03-01-preview","2019-08-01-preview"],"defaultApiVersion":"2020-08-01","capabilities":"None"}],"registrationState":"Registered","registrationPolicy":"RegistrationRequired"}'
    headers:
      cache-control:
      - no-cache
      content-length:
      - '12146'
      content-type:
      - application/json; charset=utf-8
      date:
      - Thu, 31 Mar 2022 18:43:02 GMT
      expires:
      - '-1'
      pragma:
      - no-cache
      strict-transport-security:
      - max-age=31536000; includeSubDomains
      vary:
      - Accept-Encoding
      x-content-type-options:
      - nosniff
    status:
      code: 200
      message: OK
- request:
    body: '{"location": "eastus", "properties": {"publicNetworkAccessForIngestion":
      "Enabled", "publicNetworkAccessForQuery": "Enabled"}}'
    headers:
      Accept:
      - application/json
      Accept-Encoding:
      - gzip, deflate
      CommandName:
      - containerapp compose create
      Connection:
      - keep-alive
      Content-Length:
      - '126'
      Content-Type:
      - application/json
      ParameterSetName:
      - --resource-group --environment --compose-file-path
      User-Agent:
      - AZURECLI/2.34.1 azsdk-python-mgmt-loganalytics/13.0.0b2 Python/3.8.12 (Linux-5.4.0-1073-azure-x86_64-with-glibc2.2.5)
    method: PUT
    uri: https://management.azure.com/subscriptions/00000000-0000-0000-0000-000000000000/resourcegroups/cli_test_containerapp_preview000001/providers/Microsoft.OperationalInsights/workspaces/workspace-clitestcontainerapppreviewz7ck?api-version=2021-12-01-preview
  response:
    body:
      string: "{\r\n  \"properties\": {\r\n    \"source\": \"Azure\",\r\n    \"customerId\":
        \"30d8b6e3-edcc-477e-bccd-5c677d3da88e\",\r\n    \"provisioningState\": \"Creating\",\r\n
        \   \"sku\": {\r\n      \"name\": \"pergb2018\",\r\n      \"lastSkuUpdate\":
        \"Thu, 31 Mar 2022 18:43:04 GMT\"\r\n    },\r\n    \"retentionInDays\": 30,\r\n
        \   \"features\": {\r\n      \"legacy\": 0,\r\n      \"searchVersion\": 1,\r\n
        \     \"enableLogAccessUsingOnlyResourcePermissions\": true\r\n    },\r\n
        \   \"workspaceCapping\": {\r\n      \"dailyQuotaGb\": -1.0,\r\n      \"quotaNextResetTime\":
        \"Fri, 01 Apr 2022 00:00:00 GMT\",\r\n      \"dataIngestionStatus\": \"RespectQuota\"\r\n
        \   },\r\n    \"publicNetworkAccessForIngestion\": \"Enabled\",\r\n    \"publicNetworkAccessForQuery\":
        \"Enabled\",\r\n    \"createdDate\": \"Thu, 31 Mar 2022 18:43:04 GMT\",\r\n
        \   \"modifiedDate\": \"Thu, 31 Mar 2022 18:43:04 GMT\"\r\n  },\r\n  \"id\":
        \"/subscriptions/00000000-0000-0000-0000-000000000000/resourcegroups/cli_test_containerapp_preview000001/providers/microsoft.operationalinsights/workspaces/workspace-clitestcontainerapppreviewz7ck\",\r\n
        \ \"name\": \"workspace-clitestcontainerapppreviewz7ck\",\r\n  \"type\": \"Microsoft.OperationalInsights/workspaces\",\r\n
        \ \"location\": \"eastus\"\r\n}"
    headers:
      cache-control:
      - no-cache
      content-length:
      - '1133'
      content-type:
      - application/json
      date:
      - Thu, 31 Mar 2022 18:43:04 GMT
      pragma:
      - no-cache
      server:
      - Microsoft-IIS/10.0
      - Microsoft-IIS/10.0
      strict-transport-security:
      - max-age=31536000; includeSubDomains
      x-content-type-options:
      - nosniff
      x-ms-ratelimit-remaining-subscription-writes:
      - '1198'
      x-powered-by:
      - ASP.NET
      - ASP.NET
    status:
      code: 201
      message: Created
- request:
    body: null
    headers:
      Accept:
      - '*/*'
      Accept-Encoding:
      - gzip, deflate
      CommandName:
      - containerapp compose create
      Connection:
      - keep-alive
      ParameterSetName:
      - --resource-group --environment --compose-file-path
      User-Agent:
      - AZURECLI/2.34.1 azsdk-python-mgmt-loganalytics/13.0.0b2 Python/3.8.12 (Linux-5.4.0-1073-azure-x86_64-with-glibc2.2.5)
    method: GET
    uri: https://management.azure.com/subscriptions/00000000-0000-0000-0000-000000000000/resourcegroups/cli_test_containerapp_preview000001/providers/Microsoft.OperationalInsights/workspaces/workspace-clitestcontainerapppreviewz7ck?api-version=2021-12-01-preview
  response:
    body:
      string: "{\r\n  \"properties\": {\r\n    \"source\": \"Azure\",\r\n    \"customerId\":
        \"30d8b6e3-edcc-477e-bccd-5c677d3da88e\",\r\n    \"provisioningState\": \"Succeeded\",\r\n
        \   \"sku\": {\r\n      \"name\": \"pergb2018\",\r\n      \"lastSkuUpdate\":
        \"Thu, 31 Mar 2022 18:43:04 GMT\"\r\n    },\r\n    \"retentionInDays\": 30,\r\n
        \   \"features\": {\r\n      \"legacy\": 0,\r\n      \"searchVersion\": 1,\r\n
        \     \"enableLogAccessUsingOnlyResourcePermissions\": true\r\n    },\r\n
        \   \"workspaceCapping\": {\r\n      \"dailyQuotaGb\": -1.0,\r\n      \"quotaNextResetTime\":
        \"Fri, 01 Apr 2022 00:00:00 GMT\",\r\n      \"dataIngestionStatus\": \"RespectQuota\"\r\n
        \   },\r\n    \"publicNetworkAccessForIngestion\": \"Enabled\",\r\n    \"publicNetworkAccessForQuery\":
        \"Enabled\",\r\n    \"createdDate\": \"Thu, 31 Mar 2022 18:43:04 GMT\",\r\n
        \   \"modifiedDate\": \"Thu, 31 Mar 2022 18:43:06 GMT\"\r\n  },\r\n  \"id\":
        \"/subscriptions/00000000-0000-0000-0000-000000000000/resourcegroups/cli_test_containerapp_preview000001/providers/microsoft.operationalinsights/workspaces/workspace-clitestcontainerapppreviewz7ck\",\r\n
        \ \"name\": \"workspace-clitestcontainerapppreviewz7ck\",\r\n  \"type\": \"Microsoft.OperationalInsights/workspaces\",\r\n
        \ \"location\": \"eastus\"\r\n}"
    headers:
      cache-control:
      - no-cache
      content-length:
      - '1134'
      content-type:
      - application/json
      date:
      - Thu, 31 Mar 2022 18:43:34 GMT
      pragma:
      - no-cache
      server:
      - Microsoft-IIS/10.0
      - Microsoft-IIS/10.0
      strict-transport-security:
      - max-age=31536000; includeSubDomains
      transfer-encoding:
      - chunked
      vary:
      - Accept-Encoding
      x-content-type-options:
      - nosniff
      x-powered-by:
      - ASP.NET
      - ASP.NET
    status:
      code: 200
      message: OK
- request:
    body: null
    headers:
      Accept:
      - application/json
      Accept-Encoding:
      - gzip, deflate
      CommandName:
      - containerapp compose create
      Connection:
      - keep-alive
      Content-Length:
      - '0'
      ParameterSetName:
      - --resource-group --environment --compose-file-path
      User-Agent:
      - AZURECLI/2.34.1 azsdk-python-mgmt-loganalytics/13.0.0b2 Python/3.8.12 (Linux-5.4.0-1073-azure-x86_64-with-glibc2.2.5)
    method: POST
    uri: https://management.azure.com/subscriptions/00000000-0000-0000-0000-000000000000/resourcegroups/cli_test_containerapp_preview000001/providers/Microsoft.OperationalInsights/workspaces/workspace-clitestcontainerapppreviewz7ck/sharedKeys?api-version=2020-08-01
  response:
    body:
      string: "{\r\n  \"primarySharedKey\": \"KtRbU9CLQyc8nY7qNGl7y340BIVzn9FZacD+p1a8FMe0Y//P6dA4nmyWSmtSdhIIaFrwrTLQPUoKi4+ROzPbbg==\",\r\n
        \ \"secondarySharedKey\": \"oV34GXW90vcULVpvxXUGOoY72GPHsHaMHHDOKOSq/sIt0miT8HV/Crt6Oi+sXqb5V2j8DS5IUN32oD6lpb1B7Q==\"\r\n}"
    headers:
      cache-control:
      - no-cache
      cachecontrol:
      - no-cache
      content-length:
      - '235'
      content-type:
      - application/json; charset=utf-8
      date:
      - Thu, 31 Mar 2022 18:43:35 GMT
      expires:
      - '-1'
      pragma:
      - no-cache
      server:
      - Microsoft-IIS/10.0
      - Microsoft-IIS/10.0
      strict-transport-security:
      - max-age=31536000; includeSubDomains
      transfer-encoding:
      - chunked
      vary:
      - Accept-Encoding
      x-ams-apiversion:
      - WebAPI1.0
      x-content-type-options:
      - nosniff
      x-ms-ratelimit-remaining-subscription-writes:
      - '1198'
      x-powered-by:
      - ASP.NET
      - ASP.NET
    status:
      code: 200
      message: OK
- request:
    body: '{"location": "eastus", "tags": null, "properties": {"daprAIInstrumentationKey":
      null, "vnetConfiguration": null, "internalLoadBalancerEnabled": false, "appLogsConfiguration":
      {"destination": "log-analytics", "logAnalyticsConfiguration": {"customerId":
      "30d8b6e3-edcc-477e-bccd-5c677d3da88e", "sharedKey": "KtRbU9CLQyc8nY7qNGl7y340BIVzn9FZacD+p1a8FMe0Y//P6dA4nmyWSmtSdhIIaFrwrTLQPUoKi4+ROzPbbg=="}}}}'
    headers:
      Accept:
      - '*/*'
      Accept-Encoding:
      - gzip, deflate
      CommandName:
      - containerapp compose create
      Connection:
      - keep-alive
      Content-Length:
      - '399'
      Content-Type:
      - application/json
      ParameterSetName:
      - --resource-group --environment --compose-file-path
      User-Agent:
      - python/3.8.12 (Linux-5.4.0-1073-azure-x86_64-with-glibc2.2.5) AZURECLI/2.34.1
    method: PUT
    uri: https://management.azure.com/subscriptions/00000000-0000-0000-0000-000000000000/resourceGroups/cli_test_containerapp_preview000001/providers/Microsoft.App/managedEnvironments/containerapp-preview000002?api-version=2022-01-01-preview
  response:
    body:
      string: '{"id":"/subscriptions/00000000-0000-0000-0000-000000000000/resourceGroups/cli_test_containerapp_preview000001/providers/Microsoft.App/managedenvironments/containerapp-preview000002","name":"containerapp-preview000002","type":"Microsoft.App/managedenvironments","location":"eastus","systemData":{"createdBy":"jessde@microsoft.com","createdByType":"User","createdAt":"2022-03-31T18:43:39.1848211Z","lastModifiedBy":"jessde@microsoft.com","lastModifiedByType":"User","lastModifiedAt":"2022-03-31T18:43:39.1848211Z"},"properties":{"provisioningState":"Waiting","defaultDomain":"purplecoast-d42772c4.eastus.azurecontainerapps.io","staticIp":"20.81.11.102","appLogsConfiguration":{"destination":"log-analytics","logAnalyticsConfiguration":{"customerId":"30d8b6e3-edcc-477e-bccd-5c677d3da88e"}}}}'
    headers:
      api-supported-versions:
      - 2022-01-01-preview, 2022-03-01
      azure-asyncoperation:
      - https://management.azure.com/subscriptions/00000000-0000-0000-0000-000000000000/providers/Microsoft.App/locations/eastus/managedEnvironmentOperationStatuses/3c2f8696-1979-4d8f-bfdc-5a3286701240?api-version=2022-01-01-preview&azureAsyncOperation=true
      cache-control:
      - no-cache
      content-length:
      - '789'
      content-type:
      - application/json; charset=utf-8
      date:
      - Thu, 31 Mar 2022 18:43:40 GMT
      expires:
      - '-1'
      pragma:
      - no-cache
      server:
      - Microsoft-IIS/10.0
      strict-transport-security:
      - max-age=31536000; includeSubDomains
      x-content-type-options:
      - nosniff
      x-ms-async-operation-timeout:
      - PT15M
      x-ms-ratelimit-remaining-subscription-writes:
      - '1199'
      x-powered-by:
      - ASP.NET
    status:
      code: 201
      message: Created
- request:
    body: null
    headers:
      Accept:
      - '*/*'
      Accept-Encoding:
      - gzip, deflate
      CommandName:
      - containerapp compose create
      Connection:
      - keep-alive
      ParameterSetName:
      - --resource-group --environment --compose-file-path
      User-Agent:
      - python/3.8.12 (Linux-5.4.0-1073-azure-x86_64-with-glibc2.2.5) AZURECLI/2.34.1
    method: GET
    uri: https://management.azure.com/subscriptions/00000000-0000-0000-0000-000000000000/resourceGroups/cli_test_containerapp_preview000001/providers/Microsoft.App/managedEnvironments/containerapp-preview000002?api-version=2022-01-01-preview
  response:
    body:
      string: '{"id":"/subscriptions/00000000-0000-0000-0000-000000000000/resourceGroups/cli_test_containerapp_preview000001/providers/Microsoft.App/managedenvironments/containerapp-preview000002","name":"containerapp-preview000002","type":"Microsoft.App/managedenvironments","location":"eastus","systemData":{"createdBy":"jessde@microsoft.com","createdByType":"User","createdAt":"2022-03-31T18:43:39.1848211","lastModifiedBy":"jessde@microsoft.com","lastModifiedByType":"User","lastModifiedAt":"2022-03-31T18:43:39.1848211"},"properties":{"provisioningState":"Waiting","defaultDomain":"purplecoast-d42772c4.eastus.azurecontainerapps.io","staticIp":"20.81.11.102","appLogsConfiguration":{"destination":"log-analytics","logAnalyticsConfiguration":{"customerId":"30d8b6e3-edcc-477e-bccd-5c677d3da88e"}}}}'
    headers:
      api-supported-versions:
      - 2022-01-01-preview, 2022-03-01
      cache-control:
      - no-cache
      content-length:
      - '787'
      content-type:
      - application/json; charset=utf-8
      date:
      - Thu, 31 Mar 2022 18:43:39 GMT
      expires:
      - '-1'
      pragma:
      - no-cache
      server:
      - Microsoft-IIS/10.0
      strict-transport-security:
      - max-age=31536000; includeSubDomains
      transfer-encoding:
      - chunked
      vary:
      - Accept-Encoding,Accept-Encoding
      x-content-type-options:
      - nosniff
      x-powered-by:
      - ASP.NET
    status:
      code: 200
      message: OK
- request:
    body: null
    headers:
      Accept:
      - '*/*'
      Accept-Encoding:
      - gzip, deflate
      CommandName:
      - containerapp compose create
      Connection:
      - keep-alive
      ParameterSetName:
      - --resource-group --environment --compose-file-path
      User-Agent:
      - python/3.8.12 (Linux-5.4.0-1073-azure-x86_64-with-glibc2.2.5) AZURECLI/2.34.1
    method: GET
    uri: https://management.azure.com/subscriptions/00000000-0000-0000-0000-000000000000/resourceGroups/cli_test_containerapp_preview000001/providers/Microsoft.App/managedEnvironments/containerapp-preview000002?api-version=2022-01-01-preview
  response:
    body:
      string: '{"id":"/subscriptions/00000000-0000-0000-0000-000000000000/resourceGroups/cli_test_containerapp_preview000001/providers/Microsoft.App/managedenvironments/containerapp-preview000002","name":"containerapp-preview000002","type":"Microsoft.App/managedenvironments","location":"eastus","systemData":{"createdBy":"jessde@microsoft.com","createdByType":"User","createdAt":"2022-03-31T18:43:39.1848211","lastModifiedBy":"jessde@microsoft.com","lastModifiedByType":"User","lastModifiedAt":"2022-03-31T18:43:39.1848211"},"properties":{"provisioningState":"Waiting","defaultDomain":"purplecoast-d42772c4.eastus.azurecontainerapps.io","staticIp":"20.81.11.102","appLogsConfiguration":{"destination":"log-analytics","logAnalyticsConfiguration":{"customerId":"30d8b6e3-edcc-477e-bccd-5c677d3da88e"}}}}'
    headers:
      api-supported-versions:
      - 2022-01-01-preview, 2022-03-01
      cache-control:
      - no-cache
      content-length:
      - '787'
      content-type:
      - application/json; charset=utf-8
      date:
      - Thu, 31 Mar 2022 18:43:42 GMT
      expires:
      - '-1'
      pragma:
      - no-cache
      server:
      - Microsoft-IIS/10.0
      strict-transport-security:
      - max-age=31536000; includeSubDomains
      transfer-encoding:
      - chunked
      vary:
      - Accept-Encoding,Accept-Encoding
      x-content-type-options:
      - nosniff
      x-powered-by:
      - ASP.NET
    status:
      code: 200
      message: OK
- request:
    body: null
    headers:
      Accept:
      - '*/*'
      Accept-Encoding:
      - gzip, deflate
      CommandName:
      - containerapp compose create
      Connection:
      - keep-alive
      ParameterSetName:
      - --resource-group --environment --compose-file-path
      User-Agent:
      - python/3.8.12 (Linux-5.4.0-1073-azure-x86_64-with-glibc2.2.5) AZURECLI/2.34.1
    method: GET
    uri: https://management.azure.com/subscriptions/00000000-0000-0000-0000-000000000000/resourceGroups/cli_test_containerapp_preview000001/providers/Microsoft.App/managedEnvironments/containerapp-preview000002?api-version=2022-01-01-preview
  response:
    body:
      string: '{"id":"/subscriptions/00000000-0000-0000-0000-000000000000/resourceGroups/cli_test_containerapp_preview000001/providers/Microsoft.App/managedenvironments/containerapp-preview000002","name":"containerapp-preview000002","type":"Microsoft.App/managedenvironments","location":"eastus","systemData":{"createdBy":"jessde@microsoft.com","createdByType":"User","createdAt":"2022-03-31T18:43:39.1848211","lastModifiedBy":"jessde@microsoft.com","lastModifiedByType":"User","lastModifiedAt":"2022-03-31T18:43:39.1848211"},"properties":{"provisioningState":"Waiting","defaultDomain":"purplecoast-d42772c4.eastus.azurecontainerapps.io","staticIp":"20.81.11.102","appLogsConfiguration":{"destination":"log-analytics","logAnalyticsConfiguration":{"customerId":"30d8b6e3-edcc-477e-bccd-5c677d3da88e"}}}}'
    headers:
      api-supported-versions:
      - 2022-01-01-preview, 2022-03-01
      cache-control:
      - no-cache
      content-length:
      - '787'
      content-type:
      - application/json; charset=utf-8
      date:
      - Thu, 31 Mar 2022 18:43:45 GMT
      expires:
      - '-1'
      pragma:
      - no-cache
      server:
      - Microsoft-IIS/10.0
      strict-transport-security:
      - max-age=31536000; includeSubDomains
      transfer-encoding:
      - chunked
      vary:
      - Accept-Encoding,Accept-Encoding
      x-content-type-options:
      - nosniff
      x-powered-by:
      - ASP.NET
    status:
      code: 200
      message: OK
- request:
    body: null
    headers:
      Accept:
      - '*/*'
      Accept-Encoding:
      - gzip, deflate
      CommandName:
      - containerapp compose create
      Connection:
      - keep-alive
      ParameterSetName:
      - --resource-group --environment --compose-file-path
      User-Agent:
      - python/3.8.12 (Linux-5.4.0-1073-azure-x86_64-with-glibc2.2.5) AZURECLI/2.34.1
    method: GET
    uri: https://management.azure.com/subscriptions/00000000-0000-0000-0000-000000000000/resourceGroups/cli_test_containerapp_preview000001/providers/Microsoft.App/managedEnvironments/containerapp-preview000002?api-version=2022-01-01-preview
  response:
    body:
      string: '{"id":"/subscriptions/00000000-0000-0000-0000-000000000000/resourceGroups/cli_test_containerapp_preview000001/providers/Microsoft.App/managedenvironments/containerapp-preview000002","name":"containerapp-preview000002","type":"Microsoft.App/managedenvironments","location":"eastus","systemData":{"createdBy":"jessde@microsoft.com","createdByType":"User","createdAt":"2022-03-31T18:43:39.1848211","lastModifiedBy":"jessde@microsoft.com","lastModifiedByType":"User","lastModifiedAt":"2022-03-31T18:43:39.1848211"},"properties":{"provisioningState":"Waiting","defaultDomain":"purplecoast-d42772c4.eastus.azurecontainerapps.io","staticIp":"20.81.11.102","appLogsConfiguration":{"destination":"log-analytics","logAnalyticsConfiguration":{"customerId":"30d8b6e3-edcc-477e-bccd-5c677d3da88e"}}}}'
    headers:
      api-supported-versions:
      - 2022-01-01-preview, 2022-03-01
      cache-control:
      - no-cache
      content-length:
      - '787'
      content-type:
      - application/json; charset=utf-8
      date:
      - Thu, 31 Mar 2022 18:43:47 GMT
      expires:
      - '-1'
      pragma:
      - no-cache
      server:
      - Microsoft-IIS/10.0
      strict-transport-security:
      - max-age=31536000; includeSubDomains
      transfer-encoding:
      - chunked
      vary:
      - Accept-Encoding,Accept-Encoding
      x-content-type-options:
      - nosniff
      x-powered-by:
      - ASP.NET
    status:
      code: 200
      message: OK
- request:
    body: null
    headers:
      Accept:
      - '*/*'
      Accept-Encoding:
      - gzip, deflate
      CommandName:
      - containerapp compose create
      Connection:
      - keep-alive
      ParameterSetName:
      - --resource-group --environment --compose-file-path
      User-Agent:
      - python/3.8.12 (Linux-5.4.0-1073-azure-x86_64-with-glibc2.2.5) AZURECLI/2.34.1
    method: GET
    uri: https://management.azure.com/subscriptions/00000000-0000-0000-0000-000000000000/resourceGroups/cli_test_containerapp_preview000001/providers/Microsoft.App/managedEnvironments/containerapp-preview000002?api-version=2022-01-01-preview
  response:
    body:
      string: '{"id":"/subscriptions/00000000-0000-0000-0000-000000000000/resourceGroups/cli_test_containerapp_preview000001/providers/Microsoft.App/managedenvironments/containerapp-preview000002","name":"containerapp-preview000002","type":"Microsoft.App/managedenvironments","location":"eastus","systemData":{"createdBy":"jessde@microsoft.com","createdByType":"User","createdAt":"2022-03-31T18:43:39.1848211","lastModifiedBy":"jessde@microsoft.com","lastModifiedByType":"User","lastModifiedAt":"2022-03-31T18:43:39.1848211"},"properties":{"provisioningState":"Waiting","defaultDomain":"purplecoast-d42772c4.eastus.azurecontainerapps.io","staticIp":"20.81.11.102","appLogsConfiguration":{"destination":"log-analytics","logAnalyticsConfiguration":{"customerId":"30d8b6e3-edcc-477e-bccd-5c677d3da88e"}}}}'
    headers:
      api-supported-versions:
      - 2022-01-01-preview, 2022-03-01
      cache-control:
      - no-cache
      content-length:
      - '787'
      content-type:
      - application/json; charset=utf-8
      date:
      - Thu, 31 Mar 2022 18:43:49 GMT
      expires:
      - '-1'
      pragma:
      - no-cache
      server:
      - Microsoft-IIS/10.0
      strict-transport-security:
      - max-age=31536000; includeSubDomains
      transfer-encoding:
      - chunked
      vary:
      - Accept-Encoding,Accept-Encoding
      x-content-type-options:
      - nosniff
      x-powered-by:
      - ASP.NET
    status:
      code: 200
      message: OK
- request:
    body: null
    headers:
      Accept:
      - '*/*'
      Accept-Encoding:
      - gzip, deflate
      CommandName:
      - containerapp compose create
      Connection:
      - keep-alive
      ParameterSetName:
      - --resource-group --environment --compose-file-path
      User-Agent:
      - python/3.8.12 (Linux-5.4.0-1073-azure-x86_64-with-glibc2.2.5) AZURECLI/2.34.1
    method: GET
    uri: https://management.azure.com/subscriptions/00000000-0000-0000-0000-000000000000/resourceGroups/cli_test_containerapp_preview000001/providers/Microsoft.App/managedEnvironments/containerapp-preview000002?api-version=2022-01-01-preview
  response:
    body:
      string: '{"id":"/subscriptions/00000000-0000-0000-0000-000000000000/resourceGroups/cli_test_containerapp_preview000001/providers/Microsoft.App/managedenvironments/containerapp-preview000002","name":"containerapp-preview000002","type":"Microsoft.App/managedenvironments","location":"eastus","systemData":{"createdBy":"jessde@microsoft.com","createdByType":"User","createdAt":"2022-03-31T18:43:39.1848211","lastModifiedBy":"jessde@microsoft.com","lastModifiedByType":"User","lastModifiedAt":"2022-03-31T18:43:39.1848211"},"properties":{"provisioningState":"Waiting","defaultDomain":"purplecoast-d42772c4.eastus.azurecontainerapps.io","staticIp":"20.81.11.102","appLogsConfiguration":{"destination":"log-analytics","logAnalyticsConfiguration":{"customerId":"30d8b6e3-edcc-477e-bccd-5c677d3da88e"}}}}'
    headers:
      api-supported-versions:
      - 2022-01-01-preview, 2022-03-01
      cache-control:
      - no-cache
      content-length:
      - '787'
      content-type:
      - application/json; charset=utf-8
      date:
      - Thu, 31 Mar 2022 18:43:53 GMT
      expires:
      - '-1'
      pragma:
      - no-cache
      server:
      - Microsoft-IIS/10.0
      strict-transport-security:
      - max-age=31536000; includeSubDomains
      transfer-encoding:
      - chunked
      vary:
      - Accept-Encoding,Accept-Encoding
      x-content-type-options:
      - nosniff
      x-powered-by:
      - ASP.NET
    status:
      code: 200
      message: OK
- request:
    body: null
    headers:
      Accept:
      - '*/*'
      Accept-Encoding:
      - gzip, deflate
      CommandName:
      - containerapp compose create
      Connection:
      - keep-alive
      ParameterSetName:
      - --resource-group --environment --compose-file-path
      User-Agent:
      - python/3.8.12 (Linux-5.4.0-1073-azure-x86_64-with-glibc2.2.5) AZURECLI/2.34.1
    method: GET
    uri: https://management.azure.com/subscriptions/00000000-0000-0000-0000-000000000000/resourceGroups/cli_test_containerapp_preview000001/providers/Microsoft.App/managedEnvironments/containerapp-preview000002?api-version=2022-01-01-preview
  response:
    body:
      string: '{"id":"/subscriptions/00000000-0000-0000-0000-000000000000/resourceGroups/cli_test_containerapp_preview000001/providers/Microsoft.App/managedenvironments/containerapp-preview000002","name":"containerapp-preview000002","type":"Microsoft.App/managedenvironments","location":"eastus","systemData":{"createdBy":"jessde@microsoft.com","createdByType":"User","createdAt":"2022-03-31T18:43:39.1848211","lastModifiedBy":"jessde@microsoft.com","lastModifiedByType":"User","lastModifiedAt":"2022-03-31T18:43:39.1848211"},"properties":{"provisioningState":"Waiting","defaultDomain":"purplecoast-d42772c4.eastus.azurecontainerapps.io","staticIp":"20.81.11.102","appLogsConfiguration":{"destination":"log-analytics","logAnalyticsConfiguration":{"customerId":"30d8b6e3-edcc-477e-bccd-5c677d3da88e"}}}}'
    headers:
      api-supported-versions:
      - 2022-01-01-preview, 2022-03-01
      cache-control:
      - no-cache
      content-length:
      - '787'
      content-type:
      - application/json; charset=utf-8
      date:
      - Thu, 31 Mar 2022 18:43:55 GMT
      expires:
      - '-1'
      pragma:
      - no-cache
      server:
      - Microsoft-IIS/10.0
      strict-transport-security:
      - max-age=31536000; includeSubDomains
      transfer-encoding:
      - chunked
      vary:
      - Accept-Encoding,Accept-Encoding
      x-content-type-options:
      - nosniff
      x-powered-by:
      - ASP.NET
    status:
      code: 200
      message: OK
- request:
    body: null
    headers:
      Accept:
      - '*/*'
      Accept-Encoding:
      - gzip, deflate
      CommandName:
      - containerapp compose create
      Connection:
      - keep-alive
      ParameterSetName:
      - --resource-group --environment --compose-file-path
      User-Agent:
      - python/3.8.12 (Linux-5.4.0-1073-azure-x86_64-with-glibc2.2.5) AZURECLI/2.34.1
    method: GET
    uri: https://management.azure.com/subscriptions/00000000-0000-0000-0000-000000000000/resourceGroups/cli_test_containerapp_preview000001/providers/Microsoft.App/managedEnvironments/containerapp-preview000002?api-version=2022-01-01-preview
  response:
    body:
      string: '{"id":"/subscriptions/00000000-0000-0000-0000-000000000000/resourceGroups/cli_test_containerapp_preview000001/providers/Microsoft.App/managedenvironments/containerapp-preview000002","name":"containerapp-preview000002","type":"Microsoft.App/managedenvironments","location":"eastus","systemData":{"createdBy":"jessde@microsoft.com","createdByType":"User","createdAt":"2022-03-31T18:43:39.1848211","lastModifiedBy":"jessde@microsoft.com","lastModifiedByType":"User","lastModifiedAt":"2022-03-31T18:43:39.1848211"},"properties":{"provisioningState":"Waiting","defaultDomain":"purplecoast-d42772c4.eastus.azurecontainerapps.io","staticIp":"20.81.11.102","appLogsConfiguration":{"destination":"log-analytics","logAnalyticsConfiguration":{"customerId":"30d8b6e3-edcc-477e-bccd-5c677d3da88e"}}}}'
    headers:
      api-supported-versions:
      - 2022-01-01-preview, 2022-03-01
      cache-control:
      - no-cache
      content-length:
      - '787'
      content-type:
      - application/json; charset=utf-8
      date:
      - Thu, 31 Mar 2022 18:43:58 GMT
      expires:
      - '-1'
      pragma:
      - no-cache
      server:
      - Microsoft-IIS/10.0
      strict-transport-security:
      - max-age=31536000; includeSubDomains
      transfer-encoding:
      - chunked
      vary:
      - Accept-Encoding,Accept-Encoding
      x-content-type-options:
      - nosniff
      x-powered-by:
      - ASP.NET
    status:
      code: 200
      message: OK
- request:
    body: null
    headers:
      Accept:
      - '*/*'
      Accept-Encoding:
      - gzip, deflate
      CommandName:
      - containerapp compose create
      Connection:
      - keep-alive
      ParameterSetName:
      - --resource-group --environment --compose-file-path
      User-Agent:
      - python/3.8.12 (Linux-5.4.0-1073-azure-x86_64-with-glibc2.2.5) AZURECLI/2.34.1
    method: GET
    uri: https://management.azure.com/subscriptions/00000000-0000-0000-0000-000000000000/resourceGroups/cli_test_containerapp_preview000001/providers/Microsoft.App/managedEnvironments/containerapp-preview000002?api-version=2022-01-01-preview
  response:
    body:
      string: '{"id":"/subscriptions/00000000-0000-0000-0000-000000000000/resourceGroups/cli_test_containerapp_preview000001/providers/Microsoft.App/managedenvironments/containerapp-preview000002","name":"containerapp-preview000002","type":"Microsoft.App/managedenvironments","location":"eastus","systemData":{"createdBy":"jessde@microsoft.com","createdByType":"User","createdAt":"2022-03-31T18:43:39.1848211","lastModifiedBy":"jessde@microsoft.com","lastModifiedByType":"User","lastModifiedAt":"2022-03-31T18:43:39.1848211"},"properties":{"provisioningState":"Waiting","defaultDomain":"purplecoast-d42772c4.eastus.azurecontainerapps.io","staticIp":"20.81.11.102","appLogsConfiguration":{"destination":"log-analytics","logAnalyticsConfiguration":{"customerId":"30d8b6e3-edcc-477e-bccd-5c677d3da88e"}}}}'
    headers:
      api-supported-versions:
      - 2022-01-01-preview, 2022-03-01
      cache-control:
      - no-cache
      content-length:
      - '787'
      content-type:
      - application/json; charset=utf-8
      date:
      - Thu, 31 Mar 2022 18:44:00 GMT
      expires:
      - '-1'
      pragma:
      - no-cache
      server:
      - Microsoft-IIS/10.0
      strict-transport-security:
      - max-age=31536000; includeSubDomains
      transfer-encoding:
      - chunked
      vary:
      - Accept-Encoding,Accept-Encoding
      x-content-type-options:
      - nosniff
      x-powered-by:
      - ASP.NET
    status:
      code: 200
      message: OK
- request:
    body: null
    headers:
      Accept:
      - '*/*'
      Accept-Encoding:
      - gzip, deflate
      CommandName:
      - containerapp compose create
      Connection:
      - keep-alive
      ParameterSetName:
      - --resource-group --environment --compose-file-path
      User-Agent:
      - python/3.8.12 (Linux-5.4.0-1073-azure-x86_64-with-glibc2.2.5) AZURECLI/2.34.1
    method: GET
    uri: https://management.azure.com/subscriptions/00000000-0000-0000-0000-000000000000/resourceGroups/cli_test_containerapp_preview000001/providers/Microsoft.App/managedEnvironments/containerapp-preview000002?api-version=2022-01-01-preview
  response:
    body:
      string: '{"id":"/subscriptions/00000000-0000-0000-0000-000000000000/resourceGroups/cli_test_containerapp_preview000001/providers/Microsoft.App/managedenvironments/containerapp-preview000002","name":"containerapp-preview000002","type":"Microsoft.App/managedenvironments","location":"eastus","systemData":{"createdBy":"jessde@microsoft.com","createdByType":"User","createdAt":"2022-03-31T18:43:39.1848211","lastModifiedBy":"jessde@microsoft.com","lastModifiedByType":"User","lastModifiedAt":"2022-03-31T18:43:39.1848211"},"properties":{"provisioningState":"Waiting","defaultDomain":"purplecoast-d42772c4.eastus.azurecontainerapps.io","staticIp":"20.81.11.102","appLogsConfiguration":{"destination":"log-analytics","logAnalyticsConfiguration":{"customerId":"30d8b6e3-edcc-477e-bccd-5c677d3da88e"}}}}'
    headers:
      api-supported-versions:
      - 2022-01-01-preview, 2022-03-01
      cache-control:
      - no-cache
      content-length:
      - '787'
      content-type:
      - application/json; charset=utf-8
      date:
      - Thu, 31 Mar 2022 18:44:03 GMT
      expires:
      - '-1'
      pragma:
      - no-cache
      server:
      - Microsoft-IIS/10.0
      strict-transport-security:
      - max-age=31536000; includeSubDomains
      transfer-encoding:
      - chunked
      vary:
      - Accept-Encoding,Accept-Encoding
      x-content-type-options:
      - nosniff
      x-powered-by:
      - ASP.NET
    status:
      code: 200
      message: OK
- request:
    body: null
    headers:
      Accept:
      - '*/*'
      Accept-Encoding:
      - gzip, deflate
      CommandName:
      - containerapp compose create
      Connection:
      - keep-alive
      ParameterSetName:
      - --resource-group --environment --compose-file-path
      User-Agent:
      - python/3.8.12 (Linux-5.4.0-1073-azure-x86_64-with-glibc2.2.5) AZURECLI/2.34.1
    method: GET
    uri: https://management.azure.com/subscriptions/00000000-0000-0000-0000-000000000000/resourceGroups/cli_test_containerapp_preview000001/providers/Microsoft.App/managedEnvironments/containerapp-preview000002?api-version=2022-01-01-preview
  response:
    body:
      string: '{"id":"/subscriptions/00000000-0000-0000-0000-000000000000/resourceGroups/cli_test_containerapp_preview000001/providers/Microsoft.App/managedenvironments/containerapp-preview000002","name":"containerapp-preview000002","type":"Microsoft.App/managedenvironments","location":"eastus","systemData":{"createdBy":"jessde@microsoft.com","createdByType":"User","createdAt":"2022-03-31T18:43:39.1848211","lastModifiedBy":"jessde@microsoft.com","lastModifiedByType":"User","lastModifiedAt":"2022-03-31T18:43:39.1848211"},"properties":{"provisioningState":"Waiting","defaultDomain":"purplecoast-d42772c4.eastus.azurecontainerapps.io","staticIp":"20.81.11.102","appLogsConfiguration":{"destination":"log-analytics","logAnalyticsConfiguration":{"customerId":"30d8b6e3-edcc-477e-bccd-5c677d3da88e"}}}}'
    headers:
      api-supported-versions:
      - 2022-01-01-preview, 2022-03-01
      cache-control:
      - no-cache
      content-length:
      - '787'
      content-type:
      - application/json; charset=utf-8
      date:
      - Thu, 31 Mar 2022 18:44:05 GMT
      expires:
      - '-1'
      pragma:
      - no-cache
      server:
      - Microsoft-IIS/10.0
      strict-transport-security:
      - max-age=31536000; includeSubDomains
      transfer-encoding:
      - chunked
      vary:
      - Accept-Encoding,Accept-Encoding
      x-content-type-options:
      - nosniff
      x-powered-by:
      - ASP.NET
    status:
      code: 200
      message: OK
- request:
    body: null
    headers:
      Accept:
      - '*/*'
      Accept-Encoding:
      - gzip, deflate
      CommandName:
      - containerapp compose create
      Connection:
      - keep-alive
      ParameterSetName:
      - --resource-group --environment --compose-file-path
      User-Agent:
      - python/3.8.12 (Linux-5.4.0-1073-azure-x86_64-with-glibc2.2.5) AZURECLI/2.34.1
    method: GET
    uri: https://management.azure.com/subscriptions/00000000-0000-0000-0000-000000000000/resourceGroups/cli_test_containerapp_preview000001/providers/Microsoft.App/managedEnvironments/containerapp-preview000002?api-version=2022-01-01-preview
  response:
    body:
      string: '{"id":"/subscriptions/00000000-0000-0000-0000-000000000000/resourceGroups/cli_test_containerapp_preview000001/providers/Microsoft.App/managedenvironments/containerapp-preview000002","name":"containerapp-preview000002","type":"Microsoft.App/managedenvironments","location":"eastus","systemData":{"createdBy":"jessde@microsoft.com","createdByType":"User","createdAt":"2022-03-31T18:43:39.1848211","lastModifiedBy":"jessde@microsoft.com","lastModifiedByType":"User","lastModifiedAt":"2022-03-31T18:43:39.1848211"},"properties":{"provisioningState":"Waiting","defaultDomain":"purplecoast-d42772c4.eastus.azurecontainerapps.io","staticIp":"20.81.11.102","appLogsConfiguration":{"destination":"log-analytics","logAnalyticsConfiguration":{"customerId":"30d8b6e3-edcc-477e-bccd-5c677d3da88e"}}}}'
    headers:
      api-supported-versions:
      - 2022-01-01-preview, 2022-03-01
      cache-control:
      - no-cache
      content-length:
      - '787'
      content-type:
      - application/json; charset=utf-8
      date:
      - Thu, 31 Mar 2022 18:44:07 GMT
      expires:
      - '-1'
      pragma:
      - no-cache
      server:
      - Microsoft-IIS/10.0
      strict-transport-security:
      - max-age=31536000; includeSubDomains
      transfer-encoding:
      - chunked
      vary:
      - Accept-Encoding,Accept-Encoding
      x-content-type-options:
      - nosniff
      x-powered-by:
      - ASP.NET
    status:
      code: 200
      message: OK
- request:
    body: null
    headers:
      Accept:
      - '*/*'
      Accept-Encoding:
      - gzip, deflate
      CommandName:
      - containerapp compose create
      Connection:
      - keep-alive
      ParameterSetName:
      - --resource-group --environment --compose-file-path
      User-Agent:
      - python/3.8.12 (Linux-5.4.0-1073-azure-x86_64-with-glibc2.2.5) AZURECLI/2.34.1
    method: GET
    uri: https://management.azure.com/subscriptions/00000000-0000-0000-0000-000000000000/resourceGroups/cli_test_containerapp_preview000001/providers/Microsoft.App/managedEnvironments/containerapp-preview000002?api-version=2022-01-01-preview
  response:
    body:
      string: '{"id":"/subscriptions/00000000-0000-0000-0000-000000000000/resourceGroups/cli_test_containerapp_preview000001/providers/Microsoft.App/managedenvironments/containerapp-preview000002","name":"containerapp-preview000002","type":"Microsoft.App/managedenvironments","location":"eastus","systemData":{"createdBy":"jessde@microsoft.com","createdByType":"User","createdAt":"2022-03-31T18:43:39.1848211","lastModifiedBy":"jessde@microsoft.com","lastModifiedByType":"User","lastModifiedAt":"2022-03-31T18:43:39.1848211"},"properties":{"provisioningState":"Waiting","defaultDomain":"purplecoast-d42772c4.eastus.azurecontainerapps.io","staticIp":"20.81.11.102","appLogsConfiguration":{"destination":"log-analytics","logAnalyticsConfiguration":{"customerId":"30d8b6e3-edcc-477e-bccd-5c677d3da88e"}}}}'
    headers:
      api-supported-versions:
      - 2022-01-01-preview, 2022-03-01
      cache-control:
      - no-cache
      content-length:
      - '787'
      content-type:
      - application/json; charset=utf-8
      date:
      - Thu, 31 Mar 2022 18:44:10 GMT
      expires:
      - '-1'
      pragma:
      - no-cache
      server:
      - Microsoft-IIS/10.0
      strict-transport-security:
      - max-age=31536000; includeSubDomains
      transfer-encoding:
      - chunked
      vary:
      - Accept-Encoding,Accept-Encoding
      x-content-type-options:
      - nosniff
      x-powered-by:
      - ASP.NET
    status:
      code: 200
      message: OK
- request:
    body: null
    headers:
      Accept:
      - '*/*'
      Accept-Encoding:
      - gzip, deflate
      CommandName:
      - containerapp compose create
      Connection:
      - keep-alive
      ParameterSetName:
      - --resource-group --environment --compose-file-path
      User-Agent:
      - python/3.8.12 (Linux-5.4.0-1073-azure-x86_64-with-glibc2.2.5) AZURECLI/2.34.1
    method: GET
    uri: https://management.azure.com/subscriptions/00000000-0000-0000-0000-000000000000/resourceGroups/cli_test_containerapp_preview000001/providers/Microsoft.App/managedEnvironments/containerapp-preview000002?api-version=2022-01-01-preview
  response:
    body:
      string: '{"id":"/subscriptions/00000000-0000-0000-0000-000000000000/resourceGroups/cli_test_containerapp_preview000001/providers/Microsoft.App/managedenvironments/containerapp-preview000002","name":"containerapp-preview000002","type":"Microsoft.App/managedenvironments","location":"eastus","systemData":{"createdBy":"jessde@microsoft.com","createdByType":"User","createdAt":"2022-03-31T18:43:39.1848211","lastModifiedBy":"jessde@microsoft.com","lastModifiedByType":"User","lastModifiedAt":"2022-03-31T18:43:39.1848211"},"properties":{"provisioningState":"Waiting","defaultDomain":"purplecoast-d42772c4.eastus.azurecontainerapps.io","staticIp":"20.81.11.102","appLogsConfiguration":{"destination":"log-analytics","logAnalyticsConfiguration":{"customerId":"30d8b6e3-edcc-477e-bccd-5c677d3da88e"}}}}'
    headers:
      api-supported-versions:
      - 2022-01-01-preview, 2022-03-01
      cache-control:
      - no-cache
      content-length:
      - '787'
      content-type:
      - application/json; charset=utf-8
      date:
      - Thu, 31 Mar 2022 18:44:13 GMT
      expires:
      - '-1'
      pragma:
      - no-cache
      server:
      - Microsoft-IIS/10.0
      strict-transport-security:
      - max-age=31536000; includeSubDomains
      transfer-encoding:
      - chunked
      vary:
      - Accept-Encoding,Accept-Encoding
      x-content-type-options:
      - nosniff
      x-powered-by:
      - ASP.NET
    status:
      code: 200
      message: OK
- request:
    body: null
    headers:
      Accept:
      - '*/*'
      Accept-Encoding:
      - gzip, deflate
      CommandName:
      - containerapp compose create
      Connection:
      - keep-alive
      ParameterSetName:
      - --resource-group --environment --compose-file-path
      User-Agent:
      - python/3.8.12 (Linux-5.4.0-1073-azure-x86_64-with-glibc2.2.5) AZURECLI/2.34.1
    method: GET
    uri: https://management.azure.com/subscriptions/00000000-0000-0000-0000-000000000000/resourceGroups/cli_test_containerapp_preview000001/providers/Microsoft.App/managedEnvironments/containerapp-preview000002?api-version=2022-01-01-preview
  response:
    body:
      string: '{"id":"/subscriptions/00000000-0000-0000-0000-000000000000/resourceGroups/cli_test_containerapp_preview000001/providers/Microsoft.App/managedenvironments/containerapp-preview000002","name":"containerapp-preview000002","type":"Microsoft.App/managedenvironments","location":"eastus","systemData":{"createdBy":"jessde@microsoft.com","createdByType":"User","createdAt":"2022-03-31T18:43:39.1848211","lastModifiedBy":"jessde@microsoft.com","lastModifiedByType":"User","lastModifiedAt":"2022-03-31T18:43:39.1848211"},"properties":{"provisioningState":"Waiting","defaultDomain":"purplecoast-d42772c4.eastus.azurecontainerapps.io","staticIp":"20.81.11.102","appLogsConfiguration":{"destination":"log-analytics","logAnalyticsConfiguration":{"customerId":"30d8b6e3-edcc-477e-bccd-5c677d3da88e"}}}}'
    headers:
      api-supported-versions:
      - 2022-01-01-preview, 2022-03-01
      cache-control:
      - no-cache
      content-length:
      - '787'
      content-type:
      - application/json; charset=utf-8
      date:
      - Thu, 31 Mar 2022 18:44:15 GMT
      expires:
      - '-1'
      pragma:
      - no-cache
      server:
      - Microsoft-IIS/10.0
      strict-transport-security:
      - max-age=31536000; includeSubDomains
      transfer-encoding:
      - chunked
      vary:
      - Accept-Encoding,Accept-Encoding
      x-content-type-options:
      - nosniff
      x-powered-by:
      - ASP.NET
    status:
      code: 200
      message: OK
- request:
    body: null
    headers:
      Accept:
      - '*/*'
      Accept-Encoding:
      - gzip, deflate
      CommandName:
      - containerapp compose create
      Connection:
      - keep-alive
      ParameterSetName:
      - --resource-group --environment --compose-file-path
      User-Agent:
      - python/3.8.12 (Linux-5.4.0-1073-azure-x86_64-with-glibc2.2.5) AZURECLI/2.34.1
    method: GET
    uri: https://management.azure.com/subscriptions/00000000-0000-0000-0000-000000000000/resourceGroups/cli_test_containerapp_preview000001/providers/Microsoft.App/managedEnvironments/containerapp-preview000002?api-version=2022-01-01-preview
  response:
    body:
      string: '{"id":"/subscriptions/00000000-0000-0000-0000-000000000000/resourceGroups/cli_test_containerapp_preview000001/providers/Microsoft.App/managedenvironments/containerapp-preview000002","name":"containerapp-preview000002","type":"Microsoft.App/managedenvironments","location":"eastus","systemData":{"createdBy":"jessde@microsoft.com","createdByType":"User","createdAt":"2022-03-31T18:43:39.1848211","lastModifiedBy":"jessde@microsoft.com","lastModifiedByType":"User","lastModifiedAt":"2022-03-31T18:43:39.1848211"},"properties":{"provisioningState":"Waiting","defaultDomain":"purplecoast-d42772c4.eastus.azurecontainerapps.io","staticIp":"20.81.11.102","appLogsConfiguration":{"destination":"log-analytics","logAnalyticsConfiguration":{"customerId":"30d8b6e3-edcc-477e-bccd-5c677d3da88e"}}}}'
    headers:
      api-supported-versions:
      - 2022-01-01-preview, 2022-03-01
      cache-control:
      - no-cache
      content-length:
      - '787'
      content-type:
      - application/json; charset=utf-8
      date:
      - Thu, 31 Mar 2022 18:44:17 GMT
      expires:
      - '-1'
      pragma:
      - no-cache
      server:
      - Microsoft-IIS/10.0
      strict-transport-security:
      - max-age=31536000; includeSubDomains
      transfer-encoding:
      - chunked
      vary:
      - Accept-Encoding,Accept-Encoding
      x-content-type-options:
      - nosniff
      x-powered-by:
      - ASP.NET
    status:
      code: 200
      message: OK
- request:
    body: null
    headers:
      Accept:
      - '*/*'
      Accept-Encoding:
      - gzip, deflate
      CommandName:
      - containerapp compose create
      Connection:
      - keep-alive
      ParameterSetName:
      - --resource-group --environment --compose-file-path
      User-Agent:
      - python/3.8.12 (Linux-5.4.0-1073-azure-x86_64-with-glibc2.2.5) AZURECLI/2.34.1
    method: GET
    uri: https://management.azure.com/subscriptions/00000000-0000-0000-0000-000000000000/resourceGroups/cli_test_containerapp_preview000001/providers/Microsoft.App/managedEnvironments/containerapp-preview000002?api-version=2022-01-01-preview
  response:
    body:
      string: '{"id":"/subscriptions/00000000-0000-0000-0000-000000000000/resourceGroups/cli_test_containerapp_preview000001/providers/Microsoft.App/managedenvironments/containerapp-preview000002","name":"containerapp-preview000002","type":"Microsoft.App/managedenvironments","location":"eastus","systemData":{"createdBy":"jessde@microsoft.com","createdByType":"User","createdAt":"2022-03-31T18:43:39.1848211","lastModifiedBy":"jessde@microsoft.com","lastModifiedByType":"User","lastModifiedAt":"2022-03-31T18:43:39.1848211"},"properties":{"provisioningState":"Waiting","defaultDomain":"purplecoast-d42772c4.eastus.azurecontainerapps.io","staticIp":"20.81.11.102","appLogsConfiguration":{"destination":"log-analytics","logAnalyticsConfiguration":{"customerId":"30d8b6e3-edcc-477e-bccd-5c677d3da88e"}}}}'
    headers:
      api-supported-versions:
      - 2022-01-01-preview, 2022-03-01
      cache-control:
      - no-cache
      content-length:
      - '787'
      content-type:
      - application/json; charset=utf-8
      date:
      - Thu, 31 Mar 2022 18:44:20 GMT
      expires:
      - '-1'
      pragma:
      - no-cache
      server:
      - Microsoft-IIS/10.0
      strict-transport-security:
      - max-age=31536000; includeSubDomains
      transfer-encoding:
      - chunked
      vary:
      - Accept-Encoding,Accept-Encoding
      x-content-type-options:
      - nosniff
      x-powered-by:
      - ASP.NET
    status:
      code: 200
      message: OK
- request:
    body: null
    headers:
      Accept:
      - '*/*'
      Accept-Encoding:
      - gzip, deflate
      CommandName:
      - containerapp compose create
      Connection:
      - keep-alive
      ParameterSetName:
      - --resource-group --environment --compose-file-path
      User-Agent:
      - python/3.8.12 (Linux-5.4.0-1073-azure-x86_64-with-glibc2.2.5) AZURECLI/2.34.1
    method: GET
    uri: https://management.azure.com/subscriptions/00000000-0000-0000-0000-000000000000/resourceGroups/cli_test_containerapp_preview000001/providers/Microsoft.App/managedEnvironments/containerapp-preview000002?api-version=2022-01-01-preview
  response:
    body:
      string: '{"id":"/subscriptions/00000000-0000-0000-0000-000000000000/resourceGroups/cli_test_containerapp_preview000001/providers/Microsoft.App/managedenvironments/containerapp-preview000002","name":"containerapp-preview000002","type":"Microsoft.App/managedenvironments","location":"eastus","systemData":{"createdBy":"jessde@microsoft.com","createdByType":"User","createdAt":"2022-03-31T18:43:39.1848211","lastModifiedBy":"jessde@microsoft.com","lastModifiedByType":"User","lastModifiedAt":"2022-03-31T18:43:39.1848211"},"properties":{"provisioningState":"Waiting","defaultDomain":"purplecoast-d42772c4.eastus.azurecontainerapps.io","staticIp":"20.81.11.102","appLogsConfiguration":{"destination":"log-analytics","logAnalyticsConfiguration":{"customerId":"30d8b6e3-edcc-477e-bccd-5c677d3da88e"}}}}'
    headers:
      api-supported-versions:
      - 2022-01-01-preview, 2022-03-01
      cache-control:
      - no-cache
      content-length:
      - '787'
      content-type:
      - application/json; charset=utf-8
      date:
      - Thu, 31 Mar 2022 18:44:22 GMT
      expires:
      - '-1'
      pragma:
      - no-cache
      server:
      - Microsoft-IIS/10.0
      strict-transport-security:
      - max-age=31536000; includeSubDomains
      transfer-encoding:
      - chunked
      vary:
      - Accept-Encoding,Accept-Encoding
      x-content-type-options:
      - nosniff
      x-powered-by:
      - ASP.NET
    status:
      code: 200
      message: OK
- request:
    body: null
    headers:
      Accept:
      - '*/*'
      Accept-Encoding:
      - gzip, deflate
      CommandName:
      - containerapp compose create
      Connection:
      - keep-alive
      ParameterSetName:
      - --resource-group --environment --compose-file-path
      User-Agent:
      - python/3.8.12 (Linux-5.4.0-1073-azure-x86_64-with-glibc2.2.5) AZURECLI/2.34.1
    method: GET
    uri: https://management.azure.com/subscriptions/00000000-0000-0000-0000-000000000000/resourceGroups/cli_test_containerapp_preview000001/providers/Microsoft.App/managedEnvironments/containerapp-preview000002?api-version=2022-01-01-preview
  response:
    body:
      string: '{"id":"/subscriptions/00000000-0000-0000-0000-000000000000/resourceGroups/cli_test_containerapp_preview000001/providers/Microsoft.App/managedenvironments/containerapp-preview000002","name":"containerapp-preview000002","type":"Microsoft.App/managedenvironments","location":"eastus","systemData":{"createdBy":"jessde@microsoft.com","createdByType":"User","createdAt":"2022-03-31T18:43:39.1848211","lastModifiedBy":"jessde@microsoft.com","lastModifiedByType":"User","lastModifiedAt":"2022-03-31T18:43:39.1848211"},"properties":{"provisioningState":"Succeeded","defaultDomain":"purplecoast-d42772c4.eastus.azurecontainerapps.io","staticIp":"20.81.11.102","appLogsConfiguration":{"destination":"log-analytics","logAnalyticsConfiguration":{"customerId":"30d8b6e3-edcc-477e-bccd-5c677d3da88e"}}}}'
    headers:
      api-supported-versions:
      - 2022-01-01-preview, 2022-03-01
      cache-control:
      - no-cache
      content-length:
      - '789'
      content-type:
      - application/json; charset=utf-8
      date:
      - Thu, 31 Mar 2022 18:44:26 GMT
      expires:
      - '-1'
      pragma:
      - no-cache
      server:
      - Microsoft-IIS/10.0
      strict-transport-security:
      - max-age=31536000; includeSubDomains
      transfer-encoding:
      - chunked
      vary:
      - Accept-Encoding,Accept-Encoding
      x-content-type-options:
      - nosniff
      x-powered-by:
      - ASP.NET
    status:
      code: 200
      message: OK
- request:
    body: null
    headers:
      Accept:
      - application/json
      Accept-Encoding:
      - gzip, deflate
      CommandName:
      - containerapp compose create
      Connection:
      - keep-alive
      ParameterSetName:
      - --resource-group --environment --compose-file-path
      User-Agent:
      - AZURECLI/2.34.1 azsdk-python-azure-mgmt-resource/20.0.0 Python/3.8.12 (Linux-5.4.0-1073-azure-x86_64-with-glibc2.2.5)
    method: GET
    uri: https://management.azure.com/subscriptions/00000000-0000-0000-0000-000000000000/providers/Microsoft.App?api-version=2021-04-01
  response:
    body:
      string: '{"id":"/subscriptions/00000000-0000-0000-0000-000000000000/providers/Microsoft.App","namespace":"Microsoft.App","authorizations":[{"applicationId":"7e3bc4fd-85a3-4192-b177-5b8bfc87f42c","roleDefinitionId":"39a74f72-b40f-4bdc-b639-562fe2260bf0"},{"applicationId":"3734c1a4-2bed-4998-a37a-ff1a9e7bf019","roleDefinitionId":"5c779a4f-5cb2-4547-8c41-478d9be8ba90"}],"resourceTypes":[{"resourceType":"managedEnvironments","locations":["North
        Central US (Stage)","Canada Central","West Europe","North Europe","East US","East
        US 2"],"apiVersions":["2022-01-01-preview"],"capabilities":"CrossResourceGroupResourceMove,
        CrossSubscriptionResourceMove, SupportsTags, SupportsLocation"},{"resourceType":"managedEnvironments/certificates","locations":["North
        Central US (Stage)","Canada Central","West Europe","North Europe","East US","East
        US 2"],"apiVersions":["2022-01-01-preview"],"capabilities":"CrossResourceGroupResourceMove,
        CrossSubscriptionResourceMove, SupportsTags, SupportsLocation"},{"resourceType":"containerApps","locations":["North
        Central US (Stage)","Canada Central","West Europe","North Europe","East US","East
        US 2"],"apiVersions":["2022-01-01-preview"],"capabilities":"CrossResourceGroupResourceMove,
        CrossSubscriptionResourceMove, SystemAssignedResourceIdentity, SupportsTags,
        SupportsLocation"},{"resourceType":"locations","locations":[],"apiVersions":["2022-01-01-preview"],"capabilities":"None"},{"resourceType":"locations/managedEnvironmentOperationResults","locations":["North
        Central US (Stage)","Canada Central","West Europe","North Europe","East US","East
        US 2"],"apiVersions":["2022-01-01-preview"],"capabilities":"None"},{"resourceType":"locations/managedEnvironmentOperationStatuses","locations":["North
        Central US (Stage)","Canada Central","West Europe","North Europe","East US","East
        US 2"],"apiVersions":["2022-01-01-preview"],"capabilities":"None"},{"resourceType":"locations/containerappOperationResults","locations":["North
        Central US (Stage)","Canada Central","West Europe","North Europe","East US","East
        US 2"],"apiVersions":["2022-01-01-preview"],"capabilities":"None"},{"resourceType":"locations/containerappOperationStatuses","locations":["North
        Central US (Stage)","Canada Central","West Europe","North Europe","East US","East
        US 2"],"apiVersions":["2022-01-01-preview"],"capabilities":"None"},{"resourceType":"operations","locations":["North
        Central US (Stage)","Central US EUAP","Canada Central","West Europe","North
        Europe","East US","East US 2"],"apiVersions":["2022-01-01-preview"],"capabilities":"None"}],"registrationState":"Registered","registrationPolicy":"RegistrationRequired"}'
    headers:
      cache-control:
      - no-cache
      content-length:
      - '2620'
      content-type:
      - application/json; charset=utf-8
      date:
      - Thu, 31 Mar 2022 18:44:25 GMT
      expires:
      - '-1'
      pragma:
      - no-cache
      strict-transport-security:
      - max-age=31536000; includeSubDomains
      vary:
      - Accept-Encoding
      x-content-type-options:
      - nosniff
    status:
      code: 200
      message: OK
- request:
    body: null
    headers:
      Accept:
      - '*/*'
      Accept-Encoding:
      - gzip, deflate
      CommandName:
      - containerapp compose create
      Connection:
      - keep-alive
      ParameterSetName:
      - --resource-group --environment --compose-file-path
      User-Agent:
      - python/3.8.12 (Linux-5.4.0-1073-azure-x86_64-with-glibc2.2.5) AZURECLI/2.34.1
    method: GET
    uri: https://management.azure.com/subscriptions/00000000-0000-0000-0000-000000000000/resourceGroups/cli_test_containerapp_preview000001/providers/Microsoft.App/managedEnvironments/containerapp-preview000002?api-version=2022-01-01-preview
  response:
    body:
      string: '{"id":"/subscriptions/00000000-0000-0000-0000-000000000000/resourceGroups/cli_test_containerapp_preview000001/providers/Microsoft.App/managedenvironments/containerapp-preview000002","name":"containerapp-preview000002","type":"Microsoft.App/managedenvironments","location":"eastus","systemData":{"createdBy":"jessde@microsoft.com","createdByType":"User","createdAt":"2022-03-31T18:43:39.1848211","lastModifiedBy":"jessde@microsoft.com","lastModifiedByType":"User","lastModifiedAt":"2022-03-31T18:43:39.1848211"},"properties":{"provisioningState":"Succeeded","defaultDomain":"purplecoast-d42772c4.eastus.azurecontainerapps.io","staticIp":"20.81.11.102","appLogsConfiguration":{"destination":"log-analytics","logAnalyticsConfiguration":{"customerId":"30d8b6e3-edcc-477e-bccd-5c677d3da88e"}}}}'
    headers:
      api-supported-versions:
      - 2022-01-01-preview, 2022-03-01
      cache-control:
      - no-cache
      content-length:
      - '789'
      content-type:
      - application/json; charset=utf-8
      date:
      - Thu, 31 Mar 2022 18:44:26 GMT
      expires:
      - '-1'
      pragma:
      - no-cache
      server:
      - Microsoft-IIS/10.0
      strict-transport-security:
      - max-age=31536000; includeSubDomains
      transfer-encoding:
      - chunked
      vary:
      - Accept-Encoding,Accept-Encoding
      x-content-type-options:
      - nosniff
      x-powered-by:
      - ASP.NET
    status:
      code: 200
      message: OK
- request:
    body: null
    headers:
      Accept:
      - application/json
      Accept-Encoding:
      - gzip, deflate
      CommandName:
      - containerapp compose create
      Connection:
      - keep-alive
      ParameterSetName:
      - --resource-group --environment --compose-file-path
      User-Agent:
      - AZURECLI/2.34.1 azsdk-python-azure-mgmt-resource/20.0.0 Python/3.8.12 (Linux-5.4.0-1073-azure-x86_64-with-glibc2.2.5)
    method: GET
    uri: https://management.azure.com/subscriptions/00000000-0000-0000-0000-000000000000/providers/Microsoft.App?api-version=2021-04-01
  response:
    body:
      string: '{"id":"/subscriptions/00000000-0000-0000-0000-000000000000/providers/Microsoft.App","namespace":"Microsoft.App","authorizations":[{"applicationId":"7e3bc4fd-85a3-4192-b177-5b8bfc87f42c","roleDefinitionId":"39a74f72-b40f-4bdc-b639-562fe2260bf0"},{"applicationId":"3734c1a4-2bed-4998-a37a-ff1a9e7bf019","roleDefinitionId":"5c779a4f-5cb2-4547-8c41-478d9be8ba90"}],"resourceTypes":[{"resourceType":"managedEnvironments","locations":["North
        Central US (Stage)","Canada Central","West Europe","North Europe","East US","East
        US 2"],"apiVersions":["2022-01-01-preview"],"capabilities":"CrossResourceGroupResourceMove,
        CrossSubscriptionResourceMove, SupportsTags, SupportsLocation"},{"resourceType":"managedEnvironments/certificates","locations":["North
        Central US (Stage)","Canada Central","West Europe","North Europe","East US","East
        US 2"],"apiVersions":["2022-01-01-preview"],"capabilities":"CrossResourceGroupResourceMove,
        CrossSubscriptionResourceMove, SupportsTags, SupportsLocation"},{"resourceType":"containerApps","locations":["North
        Central US (Stage)","Canada Central","West Europe","North Europe","East US","East
        US 2"],"apiVersions":["2022-01-01-preview"],"capabilities":"CrossResourceGroupResourceMove,
        CrossSubscriptionResourceMove, SystemAssignedResourceIdentity, SupportsTags,
        SupportsLocation"},{"resourceType":"locations","locations":[],"apiVersions":["2022-01-01-preview"],"capabilities":"None"},{"resourceType":"locations/managedEnvironmentOperationResults","locations":["North
        Central US (Stage)","Canada Central","West Europe","North Europe","East US","East
        US 2"],"apiVersions":["2022-01-01-preview"],"capabilities":"None"},{"resourceType":"locations/managedEnvironmentOperationStatuses","locations":["North
        Central US (Stage)","Canada Central","West Europe","North Europe","East US","East
        US 2"],"apiVersions":["2022-01-01-preview"],"capabilities":"None"},{"resourceType":"locations/containerappOperationResults","locations":["North
        Central US (Stage)","Canada Central","West Europe","North Europe","East US","East
        US 2"],"apiVersions":["2022-01-01-preview"],"capabilities":"None"},{"resourceType":"locations/containerappOperationStatuses","locations":["North
        Central US (Stage)","Canada Central","West Europe","North Europe","East US","East
        US 2"],"apiVersions":["2022-01-01-preview"],"capabilities":"None"},{"resourceType":"operations","locations":["North
        Central US (Stage)","Central US EUAP","Canada Central","West Europe","North
        Europe","East US","East US 2"],"apiVersions":["2022-01-01-preview"],"capabilities":"None"}],"registrationState":"Registered","registrationPolicy":"RegistrationRequired"}'
    headers:
      cache-control:
      - no-cache
      content-length:
      - '2620'
      content-type:
      - application/json; charset=utf-8
      date:
      - Thu, 31 Mar 2022 18:44:26 GMT
      expires:
      - '-1'
      pragma:
      - no-cache
      strict-transport-security:
      - max-age=31536000; includeSubDomains
      vary:
      - Accept-Encoding
      x-content-type-options:
      - nosniff
    status:
      code: 200
      message: OK
- request:
    body: '{"location": "eastus", "identity": null, "properties": {"managedEnvironmentId":
      "/subscriptions/00000000-0000-0000-0000-000000000000/resourceGroups/cli_test_containerapp_preview000001/providers/Microsoft.App/managedenvironments/containerapp-preview000002",
      "configuration": {"secrets": null, "activeRevisionsMode": "single", "ingress":
      {"fqdn": null, "external": true, "targetPort": 3000, "transport": "auto", "traffic":
      null, "customDomains": null}, "dapr": null, "registries": null}, "template":
      {"revisionSuffix": null, "containers": [{"image": "mcr.microsoft.com/azuredocs/aks-helloworld:v1",
      "name": "foo", "command": null, "args": null, "env": null, "resources": null,
      "volumeMounts": null}], "scale": null, "volumes": null}}, "tags": null}'
    headers:
      Accept:
      - '*/*'
      Accept-Encoding:
      - gzip, deflate
      CommandName:
      - containerapp compose create
      Connection:
      - keep-alive
      Content-Length:
      - '746'
      Content-Type:
      - application/json
      ParameterSetName:
      - --resource-group --environment --compose-file-path
      User-Agent:
      - python/3.8.12 (Linux-5.4.0-1073-azure-x86_64-with-glibc2.2.5) AZURECLI/2.34.1
    method: PUT
    uri: https://management.azure.com/subscriptions/00000000-0000-0000-0000-000000000000/resourceGroups/cli_test_containerapp_preview000001/providers/Microsoft.App/containerApps/foo?api-version=2022-01-01-preview
  response:
    body:
      string: '{"id":"/subscriptions/00000000-0000-0000-0000-000000000000/resourceGroups/cli_test_containerapp_preview000001/providers/Microsoft.App/containerApps/foo","name":"foo","type":"Microsoft.App/containerApps","location":"East
        US","systemData":{"createdBy":"jessde@microsoft.com","createdByType":"User","createdAt":"2022-03-31T18:44:29.5234267Z","lastModifiedBy":"jessde@microsoft.com","lastModifiedByType":"User","lastModifiedAt":"2022-03-31T18:44:29.5234267Z"},"properties":{"provisioningState":"InProgress","managedEnvironmentId":"/subscriptions/00000000-0000-0000-0000-000000000000/resourceGroups/cli_test_containerapp_preview000001/providers/Microsoft.App/managedenvironments/containerapp-preview000002","outboundIpAddresses":["20.81.12.164","20.81.13.100","20.81.13.190"],"latestRevisionName":"","latestRevisionFqdn":"","customDomainVerificationId":"86F242A74521463B9CF98C58C12BAD5CAE2436448CB921C0AA5494951CA7AA53","configuration":{"activeRevisionsMode":"Single","ingress":{"fqdn":"foo.purplecoast-d42772c4.eastus.azurecontainerapps.io","external":true,"targetPort":3000,"transport":"Auto","traffic":[{"weight":100,"latestRevision":true}],"allowInsecure":false}},"template":{"containers":[{"image":"mcr.microsoft.com/azuredocs/aks-helloworld:v1","name":"foo","resources":{"cpu":0.5,"memory":"1Gi"}}],"scale":{"maxReplicas":10}}},"identity":{"type":"None"}}'
    headers:
      api-supported-versions:
      - 2021-03-01, 2022-01-01-preview, 2022-03-01
      azure-asyncoperation:
      - https://management.azure.com/subscriptions/00000000-0000-0000-0000-000000000000/providers/Microsoft.App/locations/eastus/containerappOperationStatuses/fb93dbc1-9429-4a9b-bfe3-0e0377d0048c?api-version=2022-01-01-preview&azureAsyncOperation=true
      cache-control:
      - no-cache
      content-length:
      - '1356'
      content-type:
      - application/json; charset=utf-8
      date:
      - Thu, 31 Mar 2022 18:44:32 GMT
      expires:
      - '-1'
      pragma:
      - no-cache
      server:
      - Microsoft-IIS/10.0
      strict-transport-security:
      - max-age=31536000; includeSubDomains
      x-content-type-options:
      - nosniff
      x-ms-async-operation-timeout:
      - PT15M
      x-ms-ratelimit-remaining-subscription-writes:
      - '1199'
      x-powered-by:
      - ASP.NET
    status:
      code: 201
      message: Created
- request:
    body: null
    headers:
      Accept:
      - '*/*'
      Accept-Encoding:
      - gzip, deflate
      CommandName:
      - containerapp compose create
      Connection:
      - keep-alive
      ParameterSetName:
      - --resource-group --environment --compose-file-path
      User-Agent:
      - python/3.8.12 (Linux-5.4.0-1073-azure-x86_64-with-glibc2.2.5) AZURECLI/2.34.1
    method: GET
    uri: https://management.azure.com/subscriptions/00000000-0000-0000-0000-000000000000/resourceGroups/cli_test_containerapp_preview000001/providers/Microsoft.App/containerApps/foo?api-version=2022-01-01-preview
  response:
    body:
      string: '{"id":"/subscriptions/00000000-0000-0000-0000-000000000000/resourceGroups/cli_test_containerapp_preview000001/providers/Microsoft.App/containerApps/foo","name":"foo","type":"Microsoft.App/containerApps","location":"East
        US","systemData":{"createdBy":"jessde@microsoft.com","createdByType":"User","createdAt":"2022-03-31T18:44:29.5234267","lastModifiedBy":"jessde@microsoft.com","lastModifiedByType":"User","lastModifiedAt":"2022-03-31T18:44:29.5234267"},"properties":{"provisioningState":"InProgress","managedEnvironmentId":"/subscriptions/00000000-0000-0000-0000-000000000000/resourceGroups/cli_test_containerapp_preview000001/providers/Microsoft.App/managedenvironments/containerapp-preview000002","outboundIpAddresses":["20.81.12.164","20.81.13.100","20.81.13.190"],"latestRevisionName":"foo--gc04ejr","latestRevisionFqdn":"foo--gc04ejr.purplecoast-d42772c4.eastus.azurecontainerapps.io","customDomainVerificationId":"86F242A74521463B9CF98C58C12BAD5CAE2436448CB921C0AA5494951CA7AA53","configuration":{"activeRevisionsMode":"Single","ingress":{"fqdn":"foo.purplecoast-d42772c4.eastus.azurecontainerapps.io","external":true,"targetPort":3000,"transport":"Auto","traffic":[{"weight":100,"latestRevision":true}],"allowInsecure":false}},"template":{"containers":[{"image":"mcr.microsoft.com/azuredocs/aks-helloworld:v1","name":"foo","resources":{"cpu":0.5,"memory":"1Gi"}}],"scale":{"maxReplicas":10}}},"identity":{"type":"None"}}'
    headers:
      api-supported-versions:
      - 2021-03-01, 2022-01-01-preview, 2022-03-01
      cache-control:
      - no-cache
      content-length:
      - '1428'
      content-type:
      - application/json; charset=utf-8
      date:
      - Thu, 31 Mar 2022 18:44:33 GMT
      expires:
      - '-1'
      pragma:
      - no-cache
      server:
      - Microsoft-IIS/10.0
      strict-transport-security:
      - max-age=31536000; includeSubDomains
      transfer-encoding:
      - chunked
      vary:
      - Accept-Encoding,Accept-Encoding
      x-content-type-options:
      - nosniff
      x-powered-by:
      - ASP.NET
    status:
      code: 200
      message: OK
- request:
    body: null
    headers:
      Accept:
      - '*/*'
      Accept-Encoding:
      - gzip, deflate
      CommandName:
      - containerapp compose create
      Connection:
      - keep-alive
      ParameterSetName:
      - --resource-group --environment --compose-file-path
      User-Agent:
      - python/3.8.12 (Linux-5.4.0-1073-azure-x86_64-with-glibc2.2.5) AZURECLI/2.34.1
    method: GET
    uri: https://management.azure.com/subscriptions/00000000-0000-0000-0000-000000000000/resourceGroups/cli_test_containerapp_preview000001/providers/Microsoft.App/containerApps/foo?api-version=2022-01-01-preview
  response:
    body:
      string: '{"id":"/subscriptions/00000000-0000-0000-0000-000000000000/resourceGroups/cli_test_containerapp_preview000001/providers/Microsoft.App/containerApps/foo","name":"foo","type":"Microsoft.App/containerApps","location":"East
        US","systemData":{"createdBy":"jessde@microsoft.com","createdByType":"User","createdAt":"2022-03-31T18:44:29.5234267","lastModifiedBy":"jessde@microsoft.com","lastModifiedByType":"User","lastModifiedAt":"2022-03-31T18:44:29.5234267"},"properties":{"provisioningState":"InProgress","managedEnvironmentId":"/subscriptions/00000000-0000-0000-0000-000000000000/resourceGroups/cli_test_containerapp_preview000001/providers/Microsoft.App/managedenvironments/containerapp-preview000002","outboundIpAddresses":["20.81.12.164","20.81.13.100","20.81.13.190"],"latestRevisionName":"foo--gc04ejr","latestRevisionFqdn":"foo--gc04ejr.purplecoast-d42772c4.eastus.azurecontainerapps.io","customDomainVerificationId":"86F242A74521463B9CF98C58C12BAD5CAE2436448CB921C0AA5494951CA7AA53","configuration":{"activeRevisionsMode":"Single","ingress":{"fqdn":"foo.purplecoast-d42772c4.eastus.azurecontainerapps.io","external":true,"targetPort":3000,"transport":"Auto","traffic":[{"weight":100,"latestRevision":true}],"allowInsecure":false}},"template":{"containers":[{"image":"mcr.microsoft.com/azuredocs/aks-helloworld:v1","name":"foo","resources":{"cpu":0.5,"memory":"1Gi"}}],"scale":{"maxReplicas":10}}},"identity":{"type":"None"}}'
    headers:
      api-supported-versions:
      - 2021-03-01, 2022-01-01-preview, 2022-03-01
      cache-control:
      - no-cache
      content-length:
      - '1428'
      content-type:
      - application/json; charset=utf-8
      date:
      - Thu, 31 Mar 2022 18:44:36 GMT
      expires:
      - '-1'
      pragma:
      - no-cache
      server:
      - Microsoft-IIS/10.0
      strict-transport-security:
      - max-age=31536000; includeSubDomains
      transfer-encoding:
      - chunked
      vary:
      - Accept-Encoding,Accept-Encoding
      x-content-type-options:
      - nosniff
      x-powered-by:
      - ASP.NET
    status:
      code: 200
      message: OK
- request:
    body: null
    headers:
      Accept:
      - '*/*'
      Accept-Encoding:
      - gzip, deflate
      CommandName:
      - containerapp compose create
      Connection:
      - keep-alive
      ParameterSetName:
      - --resource-group --environment --compose-file-path
      User-Agent:
      - python/3.8.12 (Linux-5.4.0-1073-azure-x86_64-with-glibc2.2.5) AZURECLI/2.34.1
    method: GET
    uri: https://management.azure.com/subscriptions/00000000-0000-0000-0000-000000000000/resourceGroups/cli_test_containerapp_preview000001/providers/Microsoft.App/containerApps/foo?api-version=2022-01-01-preview
  response:
    body:
      string: '{"id":"/subscriptions/00000000-0000-0000-0000-000000000000/resourceGroups/cli_test_containerapp_preview000001/providers/Microsoft.App/containerApps/foo","name":"foo","type":"Microsoft.App/containerApps","location":"East
        US","systemData":{"createdBy":"jessde@microsoft.com","createdByType":"User","createdAt":"2022-03-31T18:44:29.5234267","lastModifiedBy":"jessde@microsoft.com","lastModifiedByType":"User","lastModifiedAt":"2022-03-31T18:44:29.5234267"},"properties":{"provisioningState":"Succeeded","managedEnvironmentId":"/subscriptions/00000000-0000-0000-0000-000000000000/resourceGroups/cli_test_containerapp_preview000001/providers/Microsoft.App/managedenvironments/containerapp-preview000002","outboundIpAddresses":["20.81.12.164","20.81.13.100","20.81.13.190"],"latestRevisionName":"foo--gc04ejr","latestRevisionFqdn":"foo--gc04ejr.purplecoast-d42772c4.eastus.azurecontainerapps.io","customDomainVerificationId":"86F242A74521463B9CF98C58C12BAD5CAE2436448CB921C0AA5494951CA7AA53","configuration":{"activeRevisionsMode":"Single","ingress":{"fqdn":"foo.purplecoast-d42772c4.eastus.azurecontainerapps.io","external":true,"targetPort":3000,"transport":"Auto","traffic":[{"weight":100,"latestRevision":true}],"allowInsecure":false}},"template":{"containers":[{"image":"mcr.microsoft.com/azuredocs/aks-helloworld:v1","name":"foo","resources":{"cpu":0.5,"memory":"1Gi"}}],"scale":{"maxReplicas":10}}},"identity":{"type":"None"}}'
    headers:
      api-supported-versions:
      - 2021-03-01, 2022-01-01-preview, 2022-03-01
      cache-control:
      - no-cache
      content-length:
      - '1427'
      content-type:
      - application/json; charset=utf-8
      date:
      - Thu, 31 Mar 2022 18:44:38 GMT
      expires:
      - '-1'
      pragma:
      - no-cache
      server:
      - Microsoft-IIS/10.0
      strict-transport-security:
      - max-age=31536000; includeSubDomains
      transfer-encoding:
      - chunked
      vary:
      - Accept-Encoding,Accept-Encoding
      x-content-type-options:
      - nosniff
      x-powered-by:
      - ASP.NET
    status:
      code: 200
      message: OK
version: 1
